## SLURM PROLOG ###############################################################
##    Job ID : 5083353
##  Job Name : specdec-gpu-equality
##  Nodelist : gpu3102
##      CPUs : 1
##  Mem/Node : 102400 MB
## Directory : /oscar/home/jsjojo/AIinferenceproj
##   Job Started : Wed Aug 19 02:19:55 PM EDT 2026
###############################################################################
WARMUP compiled-static-fixed 1/3
WARMUP compiled-static-fixed 2/3
WARMUP compiled-static-fixed 3/3
WARMUP compiled-static-adaptive 1/3
WARMUP compiled-static-adaptive 2/3
WARMUP compiled-static-adaptive 3/3
CUDA GRAPH EVENTS: ['cudaGraphLaunch']
ALIAS PROBE: retained_unchanged=True same_data_ptr=False raw_buffer_reused=True raw_retained_changed=True negative_control=False
PASS code[0] baseline determinism
SHAPE CONTROL: max_abs_diff=0.00003910 argmax_differences=0 first=None
PASS code[0] eager-dynamic-fixed replay=1/2
PASS code[0] eager-dynamic-fixed replay=2/2
PASS code[0] compiled-static-fixed replay=1/3
PASS code[0] compiled-static-fixed replay=2/3
PASS code[0] compiled-static-fixed replay=3/3
PASS code[0] compiled-static-adaptive replay=1/3
PASS code[0] compiled-static-adaptive replay=2/3
PASS code[0] compiled-static-adaptive replay=3/3
PASS code[1] baseline determinism
SHAPE CONTROL: max_abs_diff=0.00008965 argmax_differences=0 first=None
PASS code[1] eager-dynamic-fixed replay=1/2
PASS code[1] eager-dynamic-fixed replay=2/2
PASS code[1] compiled-static-fixed replay=1/3
PASS code[1] compiled-static-fixed replay=2/3
PASS code[1] compiled-static-fixed replay=3/3
PASS code[1] compiled-static-adaptive replay=1/3
PASS code[1] compiled-static-adaptive replay=2/3
PASS code[1] compiled-static-adaptive replay=3/3
PASS code[2] baseline determinism
SHAPE CONTROL: max_abs_diff=0.00003147 argmax_differences=0 first=None
PASS code[2] eager-dynamic-fixed replay=1/2
PASS code[2] eager-dynamic-fixed replay=2/2
PASS code[2] compiled-static-fixed replay=1/3
PASS code[2] compiled-static-fixed replay=2/3
PASS code[2] compiled-static-fixed replay=3/3
PASS code[2] compiled-static-adaptive replay=1/3
PASS code[2] compiled-static-adaptive replay=2/3
PASS code[2] compiled-static-adaptive replay=3/3
PASS code[3] baseline determinism
SHAPE CONTROL: max_abs_diff=0.00005150 argmax_differences=0 first=None
PASS code[3] eager-dynamic-fixed replay=1/2
PASS code[3] eager-dynamic-fixed replay=2/2
PASS code[3] compiled-static-fixed replay=1/3
PASS code[3] compiled-static-fixed replay=2/3
PASS code[3] compiled-static-fixed replay=3/3
PASS code[3] compiled-static-adaptive replay=1/3
PASS code[3] compiled-static-adaptive replay=2/3
PASS code[3] compiled-static-adaptive replay=3/3
PASS qa[0] baseline determinism
SHAPE CONTROL: max_abs_diff=0.00003815 argmax_differences=0 first=None
PASS qa[0] eager-dynamic-fixed replay=1/2
PASS qa[0] eager-dynamic-fixed replay=2/2
PASS qa[0] compiled-static-fixed replay=1/3
PASS qa[0] compiled-static-fixed replay=2/3
PASS qa[0] compiled-static-fixed replay=3/3
PASS qa[0] compiled-static-adaptive replay=1/3
PASS qa[0] compiled-static-adaptive replay=2/3
PASS qa[0] compiled-static-adaptive replay=3/3
PASS qa[1] baseline determinism
SHAPE CONTROL: max_abs_diff=0.00004005 argmax_differences=0 first=None
PASS qa[1] eager-dynamic-fixed replay=1/2
PASS qa[1] eager-dynamic-fixed replay=2/2
PASS qa[1] compiled-static-fixed replay=1/3
PASS qa[1] compiled-static-fixed replay=2/3
PASS qa[1] compiled-static-fixed replay=3/3
PASS qa[1] compiled-static-adaptive replay=1/3
PASS qa[1] compiled-static-adaptive replay=2/3
PASS qa[1] compiled-static-adaptive replay=3/3
PASS qa[2] baseline determinism
SHAPE CONTROL: max_abs_diff=0.00003242 argmax_differences=0 first=None
PASS qa[2] eager-dynamic-fixed replay=1/2
PASS qa[2] eager-dynamic-fixed replay=2/2
PASS qa[2] compiled-static-fixed replay=1/3
PASS qa[2] compiled-static-fixed replay=2/3
PASS qa[2] compiled-static-fixed replay=3/3
PASS qa[2] compiled-static-adaptive replay=1/3
PASS qa[2] compiled-static-adaptive replay=2/3
PASS qa[2] compiled-static-adaptive replay=3/3
PASS qa[3] baseline determinism
SHAPE CONTROL: max_abs_diff=0.00003517 argmax_differences=0 first=None
PASS qa[3] eager-dynamic-fixed replay=1/2
PASS qa[3] eager-dynamic-fixed replay=2/2
PASS qa[3] compiled-static-fixed replay=1/3
PASS qa[3] compiled-static-fixed replay=2/3
PASS qa[3] compiled-static-fixed replay=3/3
PASS qa[3] compiled-static-adaptive replay=1/3
PASS qa[3] compiled-static-adaptive replay=2/3
PASS qa[3] compiled-static-adaptive replay=3/3
PASS stochastic first-token check: TV=0.0000, paired mismatch rate=0.0000, samples=64
Exact seed-for-seed sequence identity is not a distributional invariant because DynamicCache and StaticCache can have small numerical differences. This compares paired first tokens and empirical first-token distributions.
results/raw/gpu_equality_float32_5083353.json
GPU VERIFICATION PASSED
