## SLURM PROLOG ###############################################################
##    Job ID : 5083352
##  Job Name : specdec-gpu-equality
##  Nodelist : gpu2502
##      CPUs : 1
##  Mem/Node : 40960 MB
## Directory : /oscar/home/jsjojo/AIinferenceproj
##   Job Started : Wed Aug 19 02:19:55 PM EDT 2026
###############################################################################
WARMUP compiled-static-fixed 1/3
WARMUP compiled-static-fixed 2/3
WARMUP compiled-static-fixed 3/3
WARMUP compiled-static-adaptive 1/3
WARMUP compiled-static-adaptive 2/3
WARMUP compiled-static-adaptive 3/3
CUDA GRAPH EVENTS: ['cudaGraphLaunch']
ALIAS PROBE: retained_unchanged=True same_data_ptr=False raw_buffer_reused=True raw_retained_changed=True negative_control=False
PASS code[0] baseline determinism
SHAPE CONTROL: max_abs_diff=0.29687500 argmax_differences=0 first=None
PASS code[0] eager-dynamic-fixed replay=1/2
PASS code[0] eager-dynamic-fixed replay=2/2
PASS code[0] compiled-static-fixed replay=1/3
PASS code[0] compiled-static-fixed replay=2/3
PASS code[0] compiled-static-fixed replay=3/3
PASS code[0] compiled-static-adaptive replay=1/3
PASS code[0] compiled-static-adaptive replay=2/3
PASS code[0] compiled-static-adaptive replay=3/3
PASS code[1] baseline determinism
SHAPE CONTROL: max_abs_diff=0.37500000 argmax_differences=2 first=13
FAIL code[1] eager-dynamic-fixed replay=1/2
{
  "first_divergent_index": 13,
  "window_start": 8,
  "expected_token_ids": [
    3134,
    47825,
    271,
    8586,
    596,
    459,
    8292,
    315,
    459,
    445,
    37103
  ],
  "actual_token_ids": [
    3134,
    47825,
    271,
    8586,
    596,
    264,
    4382,
    8292,
    315,
    459,
    445
  ],
  "expected_text": "=====================================\n\nHere's an implementation of an LRU",
  "actual_text": "=====================================\n\nHere's a simple implementation of an L",
  "baseline_top2": {
    "token_ids": [
      459,
      264
    ],
    "logits": [
      37.0,
      36.75
    ],
    "absolute_gap": 0.25
  },
  "speculative_top2": {
    "token_ids": [
      459,
      264
    ],
    "logits": [
      37.0,
      37.0
    ],
    "absolute_gap": 0.0
  },
  "max_absolute_logit_difference": 0.25,
  "speculative_target_call_index": 3,
  "speculative_target_cache_length": 57,
  "speculative_target_input_length": 6
}
FAIL code[1] eager-dynamic-fixed replay=2/2
{
  "first_divergent_index": 13,
  "window_start": 8,
  "expected_token_ids": [
    3134,
    47825,
    271,
    8586,
    596,
    459,
    8292,
    315,
    459,
    445,
    37103
  ],
  "actual_token_ids": [
    3134,
    47825,
    271,
    8586,
    596,
    264,
    4382,
    8292,
    315,
    459,
    445
  ],
  "expected_text": "=====================================\n\nHere's an implementation of an LRU",
  "actual_text": "=====================================\n\nHere's a simple implementation of an L",
  "baseline_top2": {
    "token_ids": [
      459,
      264
    ],
    "logits": [
      37.0,
      36.75
    ],
    "absolute_gap": 0.25
  },
  "speculative_top2": {
    "token_ids": [
      459,
      264
    ],
    "logits": [
      37.0,
      37.0
    ],
    "absolute_gap": 0.0
  },
  "max_absolute_logit_difference": 0.25,
  "speculative_target_call_index": 3,
  "speculative_target_cache_length": 57,
  "speculative_target_input_length": 6
}
FAIL code[1] compiled-static-fixed replay=1/3
{
  "first_divergent_index": 13,
  "window_start": 8,
  "expected_token_ids": [
    3134,
    47825,
    271,
    8586,
    596,
    459,
    8292,
    315,
    459,
    445,
    37103
  ],
  "actual_token_ids": [
    3134,
    47825,
    271,
    8586,
    596,
    264,
    4382,
    8292,
    315,
    459,
    445
  ],
  "expected_text": "=====================================\n\nHere's an implementation of an LRU",
  "actual_text": "=====================================\n\nHere's a simple implementation of an L",
  "baseline_top2": {
    "token_ids": [
      459,
      264
    ],
    "logits": [
      37.0,
      36.75
    ],
    "absolute_gap": 0.25
  },
  "speculative_top2": {
    "token_ids": [
      459,
      264
    ],
    "logits": [
      37.0,
      37.0
    ],
    "absolute_gap": 0.0
  },
  "max_absolute_logit_difference": 0.25,
  "speculative_target_call_index": 3,
  "speculative_target_cache_length": 57,
  "speculative_target_input_length": 6
}
FAIL code[1] compiled-static-fixed replay=2/3
{
  "first_divergent_index": 13,
  "window_start": 8,
  "expected_token_ids": [
    3134,
    47825,
    271,
    8586,
    596,
    459,
    8292,
    315,
    459,
    445,
    37103
  ],
  "actual_token_ids": [
    3134,
    47825,
    271,
    8586,
    596,
    264,
    4382,
    8292,
    315,
    459,
    445
  ],
  "expected_text": "=====================================\n\nHere's an implementation of an LRU",
  "actual_text": "=====================================\n\nHere's a simple implementation of an L",
  "baseline_top2": {
    "token_ids": [
      459,
      264
    ],
    "logits": [
      37.0,
      36.75
    ],
    "absolute_gap": 0.25
  },
  "speculative_top2": {
    "token_ids": [
      459,
      264
    ],
    "logits": [
      37.0,
      37.0
    ],
    "absolute_gap": 0.0
  },
  "max_absolute_logit_difference": 0.25,
  "speculative_target_call_index": 3,
  "speculative_target_cache_length": 57,
  "speculative_target_input_length": 6
}
FAIL code[1] compiled-static-fixed replay=3/3
{
  "first_divergent_index": 13,
  "window_start": 8,
  "expected_token_ids": [
    3134,
    47825,
    271,
    8586,
    596,
    459,
    8292,
    315,
    459,
    445,
    37103
  ],
  "actual_token_ids": [
    3134,
    47825,
    271,
    8586,
    596,
    264,
    4382,
    8292,
    315,
    459,
    445
  ],
  "expected_text": "=====================================\n\nHere's an implementation of an LRU",
  "actual_text": "=====================================\n\nHere's a simple implementation of an L",
  "baseline_top2": {
    "token_ids": [
      459,
      264
    ],
    "logits": [
      37.0,
      36.75
    ],
    "absolute_gap": 0.25
  },
  "speculative_top2": {
    "token_ids": [
      459,
      264
    ],
    "logits": [
      37.0,
      37.0
    ],
    "absolute_gap": 0.0
  },
  "max_absolute_logit_difference": 0.25,
  "speculative_target_call_index": 3,
  "speculative_target_cache_length": 57,
  "speculative_target_input_length": 6
}
FAIL code[1] compiled-static-adaptive replay=1/3
{
  "first_divergent_index": 13,
  "window_start": 8,
  "expected_token_ids": [
    3134,
    47825,
    271,
    8586,
    596,
    459,
    8292,
    315,
    459,
    445,
    37103
  ],
  "actual_token_ids": [
    3134,
    47825,
    271,
    8586,
    596,
    264,
    4382,
    8292,
    315,
    459,
    445
  ],
  "expected_text": "=====================================\n\nHere's an implementation of an LRU",
  "actual_text": "=====================================\n\nHere's a simple implementation of an L",
  "baseline_top2": {
    "token_ids": [
      459,
      264
    ],
    "logits": [
      37.0,
      36.75
    ],
    "absolute_gap": 0.25
  },
  "speculative_top2": {
    "token_ids": [
      459,
      264
    ],
    "logits": [
      37.0,
      37.0
    ],
    "absolute_gap": 0.0
  },
  "max_absolute_logit_difference": 0.25,
  "speculative_target_call_index": 2,
  "speculative_target_cache_length": 51,
  "speculative_target_input_length": 8
}
FAIL code[1] compiled-static-adaptive replay=2/3
{
  "first_divergent_index": 13,
  "window_start": 8,
  "expected_token_ids": [
    3134,
    47825,
    271,
    8586,
    596,
    459,
    8292,
    315,
    459,
    445,
    37103
  ],
  "actual_token_ids": [
    3134,
    47825,
    271,
    8586,
    596,
    264,
    4382,
    8292,
    315,
    459,
    445
  ],
  "expected_text": "=====================================\n\nHere's an implementation of an LRU",
  "actual_text": "=====================================\n\nHere's a simple implementation of an L",
  "baseline_top2": {
    "token_ids": [
      459,
      264
    ],
    "logits": [
      37.0,
      36.75
    ],
    "absolute_gap": 0.25
  },
  "speculative_top2": {
    "token_ids": [
      459,
      264
    ],
    "logits": [
      37.0,
      37.0
    ],
    "absolute_gap": 0.0
  },
  "max_absolute_logit_difference": 0.25,
  "speculative_target_call_index": 2,
  "speculative_target_cache_length": 51,
  "speculative_target_input_length": 8
}
FAIL code[1] compiled-static-adaptive replay=3/3
{
  "first_divergent_index": 13,
  "window_start": 8,
  "expected_token_ids": [
    3134,
    47825,
    271,
    8586,
    596,
    459,
    8292,
    315,
    459,
    445,
    37103
  ],
  "actual_token_ids": [
    3134,
    47825,
    271,
    8586,
    596,
    264,
    4382,
    8292,
    315,
    459,
    445
  ],
  "expected_text": "=====================================\n\nHere's an implementation of an LRU",
  "actual_text": "=====================================\n\nHere's a simple implementation of an L",
  "baseline_top2": {
    "token_ids": [
      459,
      264
    ],
    "logits": [
      37.0,
      36.75
    ],
    "absolute_gap": 0.25
  },
  "speculative_top2": {
    "token_ids": [
      459,
      264
    ],
    "logits": [
      37.0,
      37.0
    ],
    "absolute_gap": 0.0
  },
  "max_absolute_logit_difference": 0.25,
  "speculative_target_call_index": 2,
  "speculative_target_cache_length": 51,
  "speculative_target_input_length": 8
}
PASS code[2] baseline determinism
SHAPE CONTROL: max_abs_diff=0.39550781 argmax_differences=0 first=None
FAIL code[2] eager-dynamic-fixed replay=1/2
{
  "first_divergent_index": 113,
  "window_start": 108,
  "expected_token_ids": [
    1766,
    627,
    262,
    3270,
    262,
    3428,
    11,
    1579,
    284,
    220,
    15
  ],
  "actual_token_ids": [
    1766,
    627,
    262,
    3270,
    262,
    2163,
    11,
    1314,
    284,
    220,
    15
  ],
  "expected_text": " found.\n    \"\"\"\n    low, high = 0",
  "actual_text": " found.\n    \"\"\"\n    left, right = 0",
  "baseline_top2": {
    "token_ids": [
      3428,
      2163
    ],
    "logits": [
      26.0,
      25.875
    ],
    "absolute_gap": 0.125
  },
  "speculative_top2": {
    "token_ids": [
      3428,
      2163
    ],
    "logits": [
      25.875,
      25.875
    ],
    "absolute_gap": 0.0
  },
  "max_absolute_logit_difference": 0.2109375,
  "speculative_target_call_index": 24,
  "speculative_target_cache_length": 157,
  "speculative_target_input_length": 6
}
FAIL code[2] eager-dynamic-fixed replay=2/2
{
  "first_divergent_index": 113,
  "window_start": 108,
  "expected_token_ids": [
    1766,
    627,
    262,
    3270,
    262,
    3428,
    11,
    1579,
    284,
    220,
    15
  ],
  "actual_token_ids": [
    1766,
    627,
    262,
    3270,
    262,
    2163,
    11,
    1314,
    284,
    220,
    15
  ],
  "expected_text": " found.\n    \"\"\"\n    low, high = 0",
  "actual_text": " found.\n    \"\"\"\n    left, right = 0",
  "baseline_top2": {
    "token_ids": [
      3428,
      2163
    ],
    "logits": [
      26.0,
      25.875
    ],
    "absolute_gap": 0.125
  },
  "speculative_top2": {
    "token_ids": [
      3428,
      2163
    ],
    "logits": [
      25.875,
      25.875
    ],
    "absolute_gap": 0.0
  },
  "max_absolute_logit_difference": 0.2109375,
  "speculative_target_call_index": 24,
  "speculative_target_cache_length": 157,
  "speculative_target_input_length": 6
}
FAIL code[2] compiled-static-fixed replay=1/3
{
  "first_divergent_index": 113,
  "window_start": 108,
  "expected_token_ids": [
    1766,
    627,
    262,
    3270,
    262,
    3428,
    11,
    1579,
    284,
    220,
    15
  ],
  "actual_token_ids": [
    1766,
    627,
    262,
    3270,
    262,
    2163,
    11,
    1314,
    284,
    220,
    15
  ],
  "expected_text": " found.\n    \"\"\"\n    low, high = 0",
  "actual_text": " found.\n    \"\"\"\n    left, right = 0",
  "baseline_top2": {
    "token_ids": [
      3428,
      2163
    ],
    "logits": [
      26.0,
      25.875
    ],
    "absolute_gap": 0.125
  },
  "speculative_top2": {
    "token_ids": [
      3428,
      2163
    ],
    "logits": [
      25.875,
      25.875
    ],
    "absolute_gap": 0.0
  },
  "max_absolute_logit_difference": 0.2109375,
  "speculative_target_call_index": 23,
  "speculative_target_cache_length": 157,
  "speculative_target_input_length": 6
}
FAIL code[2] compiled-static-fixed replay=2/3
{
  "first_divergent_index": 113,
  "window_start": 108,
  "expected_token_ids": [
    1766,
    627,
    262,
    3270,
    262,
    3428,
    11,
    1579,
    284,
    220,
    15
  ],
  "actual_token_ids": [
    1766,
    627,
    262,
    3270,
    262,
    2163,
    11,
    1314,
    284,
    220,
    15
  ],
  "expected_text": " found.\n    \"\"\"\n    low, high = 0",
  "actual_text": " found.\n    \"\"\"\n    left, right = 0",
  "baseline_top2": {
    "token_ids": [
      3428,
      2163
    ],
    "logits": [
      26.0,
      25.875
    ],
    "absolute_gap": 0.125
  },
  "speculative_top2": {
    "token_ids": [
      3428,
      2163
    ],
    "logits": [
      25.875,
      25.875
    ],
    "absolute_gap": 0.0
  },
  "max_absolute_logit_difference": 0.2109375,
  "speculative_target_call_index": 23,
  "speculative_target_cache_length": 157,
  "speculative_target_input_length": 6
}
FAIL code[2] compiled-static-fixed replay=3/3
{
  "first_divergent_index": 113,
  "window_start": 108,
  "expected_token_ids": [
    1766,
    627,
    262,
    3270,
    262,
    3428,
    11,
    1579,
    284,
    220,
    15
  ],
  "actual_token_ids": [
    1766,
    627,
    262,
    3270,
    262,
    2163,
    11,
    1314,
    284,
    220,
    15
  ],
  "expected_text": " found.\n    \"\"\"\n    low, high = 0",
  "actual_text": " found.\n    \"\"\"\n    left, right = 0",
  "baseline_top2": {
    "token_ids": [
      3428,
      2163
    ],
    "logits": [
      26.0,
      25.875
    ],
    "absolute_gap": 0.125
  },
  "speculative_top2": {
    "token_ids": [
      3428,
      2163
    ],
    "logits": [
      25.875,
      25.875
    ],
    "absolute_gap": 0.0
  },
  "max_absolute_logit_difference": 0.2109375,
  "speculative_target_call_index": 23,
  "speculative_target_cache_length": 157,
  "speculative_target_input_length": 6
}
PASS code[2] compiled-static-adaptive replay=1/3
PASS code[2] compiled-static-adaptive replay=2/3
PASS code[2] compiled-static-adaptive replay=3/3
PASS code[3] baseline determinism
SHAPE CONTROL: max_abs_diff=0.37500000 argmax_differences=1 first=124
FAIL code[3] eager-dynamic-fixed replay=1/2
{
  "first_divergent_index": 13,
  "window_start": 8,
  "expected_token_ids": [
    1796,
    1035,
    3134,
    47825,
    271,
    8586,
    596,
    264,
    13325,
    734,
    430
  ],
  "actual_token_ids": [
    1796,
    1035,
    3134,
    47825,
    271,
    32,
    10815,
    1160,
    374,
    264,
    13790
  ],
  "expected_text": " List**\n=====================================\n\nHere's a Python function that",
  "actual_text": " List**\n=====================================\n\nA linked list is a linear",
  "baseline_top2": {
    "token_ids": [
      8586,
      32
    ],
    "logits": [
      24.75,
      24.625
    ],
    "absolute_gap": 0.125
  },
  "speculative_top2": {
    "token_ids": [
      8586,
      32
    ],
    "logits": [
      24.75,
      24.75
    ],
    "absolute_gap": 0.0
  },
  "max_absolute_logit_difference": 0.1875,
  "speculative_target_call_index": 3,
  "speculative_target_cache_length": 63,
  "speculative_target_input_length": 6
}
FAIL code[3] eager-dynamic-fixed replay=2/2
{
  "first_divergent_index": 13,
  "window_start": 8,
  "expected_token_ids": [
    1796,
    1035,
    3134,
    47825,
    271,
    8586,
    596,
    264,
    13325,
    734,
    430
  ],
  "actual_token_ids": [
    1796,
    1035,
    3134,
    47825,
    271,
    32,
    10815,
    1160,
    374,
    264,
    13790
  ],
  "expected_text": " List**\n=====================================\n\nHere's a Python function that",
  "actual_text": " List**\n=====================================\n\nA linked list is a linear",
  "baseline_top2": {
    "token_ids": [
      8586,
      32
    ],
    "logits": [
      24.75,
      24.625
    ],
    "absolute_gap": 0.125
  },
  "speculative_top2": {
    "token_ids": [
      8586,
      32
    ],
    "logits": [
      24.75,
      24.75
    ],
    "absolute_gap": 0.0
  },
  "max_absolute_logit_difference": 0.1875,
  "speculative_target_call_index": 3,
  "speculative_target_cache_length": 63,
  "speculative_target_input_length": 6
}
FAIL code[3] compiled-static-fixed replay=1/3
{
  "first_divergent_index": 13,
  "window_start": 8,
  "expected_token_ids": [
    1796,
    1035,
    3134,
    47825,
    271,
    8586,
    596,
    264,
    13325,
    734,
    430
  ],
  "actual_token_ids": [
    1796,
    1035,
    3134,
    47825,
    271,
    32,
    10815,
    1160,
    374,
    264,
    13790
  ],
  "expected_text": " List**\n=====================================\n\nHere's a Python function that",
  "actual_text": " List**\n=====================================\n\nA linked list is a linear",
  "baseline_top2": {
    "token_ids": [
      8586,
      32
    ],
    "logits": [
      24.75,
      24.625
    ],
    "absolute_gap": 0.125
  },
  "speculative_top2": {
    "token_ids": [
      8586,
      32
    ],
    "logits": [
      24.75,
      24.75
    ],
    "absolute_gap": 0.0
  },
  "max_absolute_logit_difference": 0.1875,
  "speculative_target_call_index": 3,
  "speculative_target_cache_length": 63,
  "speculative_target_input_length": 6
}
FAIL code[3] compiled-static-fixed replay=2/3
{
  "first_divergent_index": 13,
  "window_start": 8,
  "expected_token_ids": [
    1796,
    1035,
    3134,
    47825,
    271,
    8586,
    596,
    264,
    13325,
    734,
    430
  ],
  "actual_token_ids": [
    1796,
    1035,
    3134,
    47825,
    271,
    32,
    10815,
    1160,
    374,
    264,
    13790
  ],
  "expected_text": " List**\n=====================================\n\nHere's a Python function that",
  "actual_text": " List**\n=====================================\n\nA linked list is a linear",
  "baseline_top2": {
    "token_ids": [
      8586,
      32
    ],
    "logits": [
      24.75,
      24.625
    ],
    "absolute_gap": 0.125
  },
  "speculative_top2": {
    "token_ids": [
      8586,
      32
    ],
    "logits": [
      24.75,
      24.75
    ],
    "absolute_gap": 0.0
  },
  "max_absolute_logit_difference": 0.1875,
  "speculative_target_call_index": 3,
  "speculative_target_cache_length": 63,
  "speculative_target_input_length": 6
}
FAIL code[3] compiled-static-fixed replay=3/3
{
  "first_divergent_index": 13,
  "window_start": 8,
  "expected_token_ids": [
    1796,
    1035,
    3134,
    47825,
    271,
    8586,
    596,
    264,
    13325,
    734,
    430
  ],
  "actual_token_ids": [
    1796,
    1035,
    3134,
    47825,
    271,
    32,
    10815,
    1160,
    374,
    264,
    13790
  ],
  "expected_text": " List**\n=====================================\n\nHere's a Python function that",
  "actual_text": " List**\n=====================================\n\nA linked list is a linear",
  "baseline_top2": {
    "token_ids": [
      8586,
      32
    ],
    "logits": [
      24.75,
      24.625
    ],
    "absolute_gap": 0.125
  },
  "speculative_top2": {
    "token_ids": [
      8586,
      32
    ],
    "logits": [
      24.75,
      24.75
    ],
    "absolute_gap": 0.0
  },
  "max_absolute_logit_difference": 0.1875,
  "speculative_target_call_index": 3,
  "speculative_target_cache_length": 63,
  "speculative_target_input_length": 6
}
FAIL code[3] compiled-static-adaptive replay=1/3
{
  "first_divergent_index": 13,
  "window_start": 8,
  "expected_token_ids": [
    1796,
    1035,
    3134,
    47825,
    271,
    8586,
    596,
    264,
    13325,
    734,
    430
  ],
  "actual_token_ids": [
    1796,
    1035,
    3134,
    47825,
    271,
    32,
    10815,
    1160,
    374,
    264,
    13790
  ],
  "expected_text": " List**\n=====================================\n\nHere's a Python function that",
  "actual_text": " List**\n=====================================\n\nA linked list is a linear",
  "baseline_top2": {
    "token_ids": [
      8586,
      32
    ],
    "logits": [
      24.75,
      24.625
    ],
    "absolute_gap": 0.125
  },
  "speculative_top2": {
    "token_ids": [
      8586,
      32
    ],
    "logits": [
      24.75,
      24.75
    ],
    "absolute_gap": 0.0
  },
  "max_absolute_logit_difference": 0.1875,
  "speculative_target_call_index": 2,
  "speculative_target_cache_length": 57,
  "speculative_target_input_length": 8
}
FAIL code[3] compiled-static-adaptive replay=2/3
{
  "first_divergent_index": 13,
  "window_start": 8,
  "expected_token_ids": [
    1796,
    1035,
    3134,
    47825,
    271,
    8586,
    596,
    264,
    13325,
    734,
    430
  ],
  "actual_token_ids": [
    1796,
    1035,
    3134,
    47825,
    271,
    32,
    10815,
    1160,
    374,
    264,
    13790
  ],
  "expected_text": " List**\n=====================================\n\nHere's a Python function that",
  "actual_text": " List**\n=====================================\n\nA linked list is a linear",
  "baseline_top2": {
    "token_ids": [
      8586,
      32
    ],
    "logits": [
      24.75,
      24.625
    ],
    "absolute_gap": 0.125
  },
  "speculative_top2": {
    "token_ids": [
      8586,
      32
    ],
    "logits": [
      24.75,
      24.75
    ],
    "absolute_gap": 0.0
  },
  "max_absolute_logit_difference": 0.1875,
  "speculative_target_call_index": 2,
  "speculative_target_cache_length": 57,
  "speculative_target_input_length": 8
}
FAIL code[3] compiled-static-adaptive replay=3/3
{
  "first_divergent_index": 13,
  "window_start": 8,
  "expected_token_ids": [
    1796,
    1035,
    3134,
    47825,
    271,
    8586,
    596,
    264,
    13325,
    734,
    430
  ],
  "actual_token_ids": [
    1796,
    1035,
    3134,
    47825,
    271,
    32,
    10815,
    1160,
    374,
    264,
    13790
  ],
  "expected_text": " List**\n=====================================\n\nHere's a Python function that",
  "actual_text": " List**\n=====================================\n\nA linked list is a linear",
  "baseline_top2": {
    "token_ids": [
      8586,
      32
    ],
    "logits": [
      24.75,
      24.625
    ],
    "absolute_gap": 0.125
  },
  "speculative_top2": {
    "token_ids": [
      8586,
      32
    ],
    "logits": [
      24.75,
      24.75
    ],
    "absolute_gap": 0.0
  },
  "max_absolute_logit_difference": 0.1875,
  "speculative_target_call_index": 2,
  "speculative_target_cache_length": 57,
  "speculative_target_input_length": 8
}
PASS qa[0] baseline determinism
SHAPE CONTROL: max_abs_diff=0.25000000 argmax_differences=1 first=123
PASS qa[0] eager-dynamic-fixed replay=1/2
PASS qa[0] eager-dynamic-fixed replay=2/2
PASS qa[0] compiled-static-fixed replay=1/3
PASS qa[0] compiled-static-fixed replay=2/3
PASS qa[0] compiled-static-fixed replay=3/3
PASS qa[0] compiled-static-adaptive replay=1/3
PASS qa[0] compiled-static-adaptive replay=2/3
PASS qa[0] compiled-static-adaptive replay=3/3
PASS qa[1] baseline determinism
SHAPE CONTROL: max_abs_diff=0.78125000 argmax_differences=2 first=45
FAIL qa[1] eager-dynamic-fixed replay=1/2
{
  "first_divergent_index": 42,
  "window_start": 37,
  "expected_token_ids": [
    304,
    279,
    1887,
    13,
    1102,
    6276,
    7620,
    311,
    1005,
    810,
    5044
  ],
  "actual_token_ids": [
    304,
    279,
    1887,
    13,
    1102,
    14385,
    439,
    459,
    9070,
    315,
    7106
  ],
  "expected_text": " in the system. It allows programs to use more memory",
  "actual_text": " in the system. It acts as an extension of physical",
  "baseline_top2": {
    "token_ids": [
      14385,
      6276
    ],
    "logits": [
      21.0,
      21.0
    ],
    "absolute_gap": 0.0
  },
  "speculative_top2": {
    "token_ids": [
      14385,
      6276
    ],
    "logits": [
      21.125,
      21.0
    ],
    "absolute_gap": 0.125
  },
  "max_absolute_logit_difference": 0.125,
  "speculative_target_call_index": 14,
  "speculative_target_cache_length": 85,
  "speculative_target_input_length": 6
}
FAIL qa[1] eager-dynamic-fixed replay=2/2
{
  "first_divergent_index": 42,
  "window_start": 37,
  "expected_token_ids": [
    304,
    279,
    1887,
    13,
    1102,
    6276,
    7620,
    311,
    1005,
    810,
    5044
  ],
  "actual_token_ids": [
    304,
    279,
    1887,
    13,
    1102,
    14385,
    439,
    459,
    9070,
    315,
    7106
  ],
  "expected_text": " in the system. It allows programs to use more memory",
  "actual_text": " in the system. It acts as an extension of physical",
  "baseline_top2": {
    "token_ids": [
      14385,
      6276
    ],
    "logits": [
      21.0,
      21.0
    ],
    "absolute_gap": 0.0
  },
  "speculative_top2": {
    "token_ids": [
      14385,
      6276
    ],
    "logits": [
      21.125,
      21.0
    ],
    "absolute_gap": 0.125
  },
  "max_absolute_logit_difference": 0.125,
  "speculative_target_call_index": 14,
  "speculative_target_cache_length": 85,
  "speculative_target_input_length": 6
}
FAIL qa[1] compiled-static-fixed replay=1/3
{
  "first_divergent_index": 42,
  "window_start": 37,
  "expected_token_ids": [
    304,
    279,
    1887,
    13,
    1102,
    6276,
    7620,
    311,
    1005,
    810,
    5044
  ],
  "actual_token_ids": [
    304,
    279,
    1887,
    13,
    1102,
    14385,
    439,
    459,
    9070,
    315,
    7106
  ],
  "expected_text": " in the system. It allows programs to use more memory",
  "actual_text": " in the system. It acts as an extension of physical",
  "baseline_top2": {
    "token_ids": [
      14385,
      6276
    ],
    "logits": [
      21.0,
      21.0
    ],
    "absolute_gap": 0.0
  },
  "speculative_top2": {
    "token_ids": [
      14385,
      6276
    ],
    "logits": [
      21.125,
      21.0
    ],
    "absolute_gap": 0.125
  },
  "max_absolute_logit_difference": 0.125,
  "speculative_target_call_index": 14,
  "speculative_target_cache_length": 85,
  "speculative_target_input_length": 6
}
FAIL qa[1] compiled-static-fixed replay=2/3
{
  "first_divergent_index": 42,
  "window_start": 37,
  "expected_token_ids": [
    304,
    279,
    1887,
    13,
    1102,
    6276,
    7620,
    311,
    1005,
    810,
    5044
  ],
  "actual_token_ids": [
    304,
    279,
    1887,
    13,
    1102,
    14385,
    439,
    459,
    9070,
    315,
    7106
  ],
  "expected_text": " in the system. It allows programs to use more memory",
  "actual_text": " in the system. It acts as an extension of physical",
  "baseline_top2": {
    "token_ids": [
      14385,
      6276
    ],
    "logits": [
      21.0,
      21.0
    ],
    "absolute_gap": 0.0
  },
  "speculative_top2": {
    "token_ids": [
      14385,
      6276
    ],
    "logits": [
      21.125,
      21.0
    ],
    "absolute_gap": 0.125
  },
  "max_absolute_logit_difference": 0.125,
  "speculative_target_call_index": 14,
  "speculative_target_cache_length": 85,
  "speculative_target_input_length": 6
}
FAIL qa[1] compiled-static-fixed replay=3/3
{
  "first_divergent_index": 42,
  "window_start": 37,
  "expected_token_ids": [
    304,
    279,
    1887,
    13,
    1102,
    6276,
    7620,
    311,
    1005,
    810,
    5044
  ],
  "actual_token_ids": [
    304,
    279,
    1887,
    13,
    1102,
    14385,
    439,
    459,
    9070,
    315,
    7106
  ],
  "expected_text": " in the system. It allows programs to use more memory",
  "actual_text": " in the system. It acts as an extension of physical",
  "baseline_top2": {
    "token_ids": [
      14385,
      6276
    ],
    "logits": [
      21.0,
      21.0
    ],
    "absolute_gap": 0.0
  },
  "speculative_top2": {
    "token_ids": [
      14385,
      6276
    ],
    "logits": [
      21.125,
      21.0
    ],
    "absolute_gap": 0.125
  },
  "max_absolute_logit_difference": 0.125,
  "speculative_target_call_index": 14,
  "speculative_target_cache_length": 85,
  "speculative_target_input_length": 6
}
FAIL qa[1] compiled-static-adaptive replay=1/3
{
  "first_divergent_index": 42,
  "window_start": 37,
  "expected_token_ids": [
    304,
    279,
    1887,
    13,
    1102,
    6276,
    7620,
    311,
    1005,
    810,
    5044
  ],
  "actual_token_ids": [
    304,
    279,
    1887,
    13,
    1102,
    14385,
    439,
    459,
    9070,
    315,
    7106
  ],
  "expected_text": " in the system. It allows programs to use more memory",
  "actual_text": " in the system. It acts as an extension of physical",
  "baseline_top2": {
    "token_ids": [
      14385,
      6276
    ],
    "logits": [
      21.0,
      21.0
    ],
    "absolute_gap": 0.0
  },
  "speculative_top2": {
    "token_ids": [
      14385,
      6276
    ],
    "logits": [
      21.125,
      21.0
    ],
    "absolute_gap": 0.125
  },
  "max_absolute_logit_difference": 0.125,
  "speculative_target_call_index": 16,
  "speculative_target_cache_length": 89,
  "speculative_target_input_length": 6
}
FAIL qa[1] compiled-static-adaptive replay=2/3
{
  "first_divergent_index": 42,
  "window_start": 37,
  "expected_token_ids": [
    304,
    279,
    1887,
    13,
    1102,
    6276,
    7620,
    311,
    1005,
    810,
    5044
  ],
  "actual_token_ids": [
    304,
    279,
    1887,
    13,
    1102,
    14385,
    439,
    459,
    9070,
    315,
    7106
  ],
  "expected_text": " in the system. It allows programs to use more memory",
  "actual_text": " in the system. It acts as an extension of physical",
  "baseline_top2": {
    "token_ids": [
      14385,
      6276
    ],
    "logits": [
      21.0,
      21.0
    ],
    "absolute_gap": 0.0
  },
  "speculative_top2": {
    "token_ids": [
      14385,
      6276
    ],
    "logits": [
      21.125,
      21.0
    ],
    "absolute_gap": 0.125
  },
  "max_absolute_logit_difference": 0.125,
  "speculative_target_call_index": 16,
  "speculative_target_cache_length": 89,
  "speculative_target_input_length": 6
}
FAIL qa[1] compiled-static-adaptive replay=3/3
{
  "first_divergent_index": 42,
  "window_start": 37,
  "expected_token_ids": [
    304,
    279,
    1887,
    13,
    1102,
    6276,
    7620,
    311,
    1005,
    810,
    5044
  ],
  "actual_token_ids": [
    304,
    279,
    1887,
    13,
    1102,
    14385,
    439,
    459,
    9070,
    315,
    7106
  ],
  "expected_text": " in the system. It allows programs to use more memory",
  "actual_text": " in the system. It acts as an extension of physical",
  "baseline_top2": {
    "token_ids": [
      14385,
      6276
    ],
    "logits": [
      21.0,
      21.0
    ],
    "absolute_gap": 0.0
  },
  "speculative_top2": {
    "token_ids": [
      14385,
      6276
    ],
    "logits": [
      21.125,
      21.0
    ],
    "absolute_gap": 0.125
  },
  "max_absolute_logit_difference": 0.125,
  "speculative_target_call_index": 16,
  "speculative_target_cache_length": 89,
  "speculative_target_input_length": 6
}
PASS qa[2] baseline determinism
SHAPE CONTROL: max_abs_diff=0.36718750 argmax_differences=1 first=99
FAIL qa[2] eager-dynamic-fixed replay=1/2
{
  "first_divergent_index": 31,
  "window_start": 26,
  "expected_token_ids": [
    382,
    334,
    24798,
    631,
    25,
    1035,
    24798,
    631,
    19813,
    311,
    279
  ],
  "actual_token_ids": [
    382,
    334,
    24798,
    631,
    25,
    57277,
    24798,
    631,
    19813,
    311,
    279
  ],
  "expected_text": ".\n\n**Throughput:**\nThroughput refers to the",
  "actual_text": ".\n\n**Throughput:**\n\nThroughput refers to the",
  "baseline_top2": {
    "token_ids": [
      57277,
      1035
    ],
    "logits": [
      32.0,
      32.0
    ],
    "absolute_gap": 0.0
  },
  "speculative_top2": {
    "token_ids": [
      57277,
      1035
    ],
    "logits": [
      32.25,
      32.0
    ],
    "absolute_gap": 0.25
  },
  "max_absolute_logit_difference": 0.3125,
  "speculative_target_call_index": 7,
  "speculative_target_cache_length": 77,
  "speculative_target_input_length": 6
}
FAIL qa[2] eager-dynamic-fixed replay=2/2
{
  "first_divergent_index": 31,
  "window_start": 26,
  "expected_token_ids": [
    382,
    334,
    24798,
    631,
    25,
    1035,
    24798,
    631,
    19813,
    311,
    279
  ],
  "actual_token_ids": [
    382,
    334,
    24798,
    631,
    25,
    57277,
    24798,
    631,
    19813,
    311,
    279
  ],
  "expected_text": ".\n\n**Throughput:**\nThroughput refers to the",
  "actual_text": ".\n\n**Throughput:**\n\nThroughput refers to the",
  "baseline_top2": {
    "token_ids": [
      57277,
      1035
    ],
    "logits": [
      32.0,
      32.0
    ],
    "absolute_gap": 0.0
  },
  "speculative_top2": {
    "token_ids": [
      57277,
      1035
    ],
    "logits": [
      32.25,
      32.0
    ],
    "absolute_gap": 0.25
  },
  "max_absolute_logit_difference": 0.3125,
  "speculative_target_call_index": 7,
  "speculative_target_cache_length": 77,
  "speculative_target_input_length": 6
}
FAIL qa[2] compiled-static-fixed replay=1/3
{
  "first_divergent_index": 31,
  "window_start": 26,
  "expected_token_ids": [
    382,
    334,
    24798,
    631,
    25,
    1035,
    24798,
    631,
    19813,
    311,
    279
  ],
  "actual_token_ids": [
    382,
    334,
    24798,
    631,
    25,
    57277,
    24798,
    631,
    19813,
    311,
    279
  ],
  "expected_text": ".\n\n**Throughput:**\nThroughput refers to the",
  "actual_text": ".\n\n**Throughput:**\n\nThroughput refers to the",
  "baseline_top2": {
    "token_ids": [
      57277,
      1035
    ],
    "logits": [
      32.0,
      32.0
    ],
    "absolute_gap": 0.0
  },
  "speculative_top2": {
    "token_ids": [
      57277,
      1035
    ],
    "logits": [
      32.25,
      32.0
    ],
    "absolute_gap": 0.25
  },
  "max_absolute_logit_difference": 0.3125,
  "speculative_target_call_index": 7,
  "speculative_target_cache_length": 77,
  "speculative_target_input_length": 6
}
FAIL qa[2] compiled-static-fixed replay=2/3
{
  "first_divergent_index": 31,
  "window_start": 26,
  "expected_token_ids": [
    382,
    334,
    24798,
    631,
    25,
    1035,
    24798,
    631,
    19813,
    311,
    279
  ],
  "actual_token_ids": [
    382,
    334,
    24798,
    631,
    25,
    57277,
    24798,
    631,
    19813,
    311,
    279
  ],
  "expected_text": ".\n\n**Throughput:**\nThroughput refers to the",
  "actual_text": ".\n\n**Throughput:**\n\nThroughput refers to the",
  "baseline_top2": {
    "token_ids": [
      57277,
      1035
    ],
    "logits": [
      32.0,
      32.0
    ],
    "absolute_gap": 0.0
  },
  "speculative_top2": {
    "token_ids": [
      57277,
      1035
    ],
    "logits": [
      32.25,
      32.0
    ],
    "absolute_gap": 0.25
  },
  "max_absolute_logit_difference": 0.3125,
  "speculative_target_call_index": 7,
  "speculative_target_cache_length": 77,
  "speculative_target_input_length": 6
}
FAIL qa[2] compiled-static-fixed replay=3/3
{
  "first_divergent_index": 31,
  "window_start": 26,
  "expected_token_ids": [
    382,
    334,
    24798,
    631,
    25,
    1035,
    24798,
    631,
    19813,
    311,
    279
  ],
  "actual_token_ids": [
    382,
    334,
    24798,
    631,
    25,
    57277,
    24798,
    631,
    19813,
    311,
    279
  ],
  "expected_text": ".\n\n**Throughput:**\nThroughput refers to the",
  "actual_text": ".\n\n**Throughput:**\n\nThroughput refers to the",
  "baseline_top2": {
    "token_ids": [
      57277,
      1035
    ],
    "logits": [
      32.0,
      32.0
    ],
    "absolute_gap": 0.0
  },
  "speculative_top2": {
    "token_ids": [
      57277,
      1035
    ],
    "logits": [
      32.25,
      32.0
    ],
    "absolute_gap": 0.25
  },
  "max_absolute_logit_difference": 0.3125,
  "speculative_target_call_index": 7,
  "speculative_target_cache_length": 77,
  "speculative_target_input_length": 6
}
FAIL qa[2] compiled-static-adaptive replay=1/3
{
  "first_divergent_index": 31,
  "window_start": 26,
  "expected_token_ids": [
    382,
    334,
    24798,
    631,
    25,
    1035,
    24798,
    631,
    19813,
    311,
    279
  ],
  "actual_token_ids": [
    382,
    334,
    24798,
    631,
    25,
    57277,
    24798,
    631,
    19813,
    311,
    279
  ],
  "expected_text": ".\n\n**Throughput:**\nThroughput refers to the",
  "actual_text": ".\n\n**Throughput:**\n\nThroughput refers to the",
  "baseline_top2": {
    "token_ids": [
      57277,
      1035
    ],
    "logits": [
      32.0,
      32.0
    ],
    "absolute_gap": 0.0
  },
  "speculative_top2": {
    "token_ids": [
      57277,
      1035
    ],
    "logits": [
      32.25,
      32.0
    ],
    "absolute_gap": 0.25
  },
  "max_absolute_logit_difference": 0.3125,
  "speculative_target_call_index": 6,
  "speculative_target_cache_length": 71,
  "speculative_target_input_length": 7
}
FAIL qa[2] compiled-static-adaptive replay=2/3
{
  "first_divergent_index": 31,
  "window_start": 26,
  "expected_token_ids": [
    382,
    334,
    24798,
    631,
    25,
    1035,
    24798,
    631,
    19813,
    311,
    279
  ],
  "actual_token_ids": [
    382,
    334,
    24798,
    631,
    25,
    57277,
    24798,
    631,
    19813,
    311,
    279
  ],
  "expected_text": ".\n\n**Throughput:**\nThroughput refers to the",
  "actual_text": ".\n\n**Throughput:**\n\nThroughput refers to the",
  "baseline_top2": {
    "token_ids": [
      57277,
      1035
    ],
    "logits": [
      32.0,
      32.0
    ],
    "absolute_gap": 0.0
  },
  "speculative_top2": {
    "token_ids": [
      57277,
      1035
    ],
    "logits": [
      32.25,
      32.0
    ],
    "absolute_gap": 0.25
  },
  "max_absolute_logit_difference": 0.3125,
  "speculative_target_call_index": 6,
  "speculative_target_cache_length": 71,
  "speculative_target_input_length": 7
}
FAIL qa[2] compiled-static-adaptive replay=3/3
{
  "first_divergent_index": 31,
  "window_start": 26,
  "expected_token_ids": [
    382,
    334,
    24798,
    631,
    25,
    1035,
    24798,
    631,
    19813,
    311,
    279
  ],
  "actual_token_ids": [
    382,
    334,
    24798,
    631,
    25,
    57277,
    24798,
    631,
    19813,
    311,
    279
  ],
  "expected_text": ".\n\n**Throughput:**\nThroughput refers to the",
  "actual_text": ".\n\n**Throughput:**\n\nThroughput refers to the",
  "baseline_top2": {
    "token_ids": [
      57277,
      1035
    ],
    "logits": [
      32.0,
      32.0
    ],
    "absolute_gap": 0.0
  },
  "speculative_top2": {
    "token_ids": [
      57277,
      1035
    ],
    "logits": [
      32.25,
      32.0
    ],
    "absolute_gap": 0.25
  },
  "max_absolute_logit_difference": 0.3125,
  "speculative_target_call_index": 6,
  "speculative_target_cache_length": 71,
  "speculative_target_input_length": 7
}
PASS qa[3] baseline determinism
SHAPE CONTROL: max_abs_diff=0.36523438 argmax_differences=1 first=83
FAIL qa[3] eager-dynamic-fixed replay=1/2
{
  "first_divergent_index": 121,
  "window_start": 116,
  "expected_token_ids": [
    1450,
    11,
    19813,
    311,
    279,
    58632,
    11572,
    315,
    5361,
    9256,
    477
  ],
  "actual_token_ids": [
    1450,
    11,
    19813,
    311,
    279,
    5150,
    58632,
    11572,
    315,
    5361,
    9256
  ],
  "expected_text": " hand, refers to the simultaneous execution of multiple tasks or",
  "actual_text": " hand, refers to the actual simultaneous execution of multiple tasks",
  "baseline_top2": {
    "token_ids": [
      58632,
      5150
    ],
    "logits": [
      23.75,
      23.625
    ],
    "absolute_gap": 0.125
  },
  "speculative_top2": {
    "token_ids": [
      58632,
      5150
    ],
    "logits": [
      23.75,
      23.75
    ],
    "absolute_gap": 0.0
  },
  "max_absolute_logit_difference": 0.1416015625,
  "speculative_target_call_index": 38,
  "speculative_target_cache_length": 167,
  "speculative_target_input_length": 6
}
FAIL qa[3] eager-dynamic-fixed replay=2/2
{
  "first_divergent_index": 121,
  "window_start": 116,
  "expected_token_ids": [
    1450,
    11,
    19813,
    311,
    279,
    58632,
    11572,
    315,
    5361,
    9256,
    477
  ],
  "actual_token_ids": [
    1450,
    11,
    19813,
    311,
    279,
    5150,
    58632,
    11572,
    315,
    5361,
    9256
  ],
  "expected_text": " hand, refers to the simultaneous execution of multiple tasks or",
  "actual_text": " hand, refers to the actual simultaneous execution of multiple tasks",
  "baseline_top2": {
    "token_ids": [
      58632,
      5150
    ],
    "logits": [
      23.75,
      23.625
    ],
    "absolute_gap": 0.125
  },
  "speculative_top2": {
    "token_ids": [
      58632,
      5150
    ],
    "logits": [
      23.75,
      23.75
    ],
    "absolute_gap": 0.0
  },
  "max_absolute_logit_difference": 0.1416015625,
  "speculative_target_call_index": 38,
  "speculative_target_cache_length": 167,
  "speculative_target_input_length": 6
}
FAIL qa[3] compiled-static-fixed replay=1/3
{
  "first_divergent_index": 121,
  "window_start": 116,
  "expected_token_ids": [
    1450,
    11,
    19813,
    311,
    279,
    58632,
    11572,
    315,
    5361,
    9256,
    477
  ],
  "actual_token_ids": [
    1450,
    11,
    19813,
    311,
    279,
    5150,
    58632,
    11572,
    315,
    5361,
    9256
  ],
  "expected_text": " hand, refers to the simultaneous execution of multiple tasks or",
  "actual_text": " hand, refers to the actual simultaneous execution of multiple tasks",
  "baseline_top2": {
    "token_ids": [
      58632,
      5150
    ],
    "logits": [
      23.75,
      23.625
    ],
    "absolute_gap": 0.125
  },
  "speculative_top2": {
    "token_ids": [
      58632,
      5150
    ],
    "logits": [
      23.75,
      23.75
    ],
    "absolute_gap": 0.0
  },
  "max_absolute_logit_difference": 0.1416015625,
  "speculative_target_call_index": 37,
  "speculative_target_cache_length": 167,
  "speculative_target_input_length": 6
}
FAIL qa[3] compiled-static-fixed replay=2/3
{
  "first_divergent_index": 121,
  "window_start": 116,
  "expected_token_ids": [
    1450,
    11,
    19813,
    311,
    279,
    58632,
    11572,
    315,
    5361,
    9256,
    477
  ],
  "actual_token_ids": [
    1450,
    11,
    19813,
    311,
    279,
    5150,
    58632,
    11572,
    315,
    5361,
    9256
  ],
  "expected_text": " hand, refers to the simultaneous execution of multiple tasks or",
  "actual_text": " hand, refers to the actual simultaneous execution of multiple tasks",
  "baseline_top2": {
    "token_ids": [
      58632,
      5150
    ],
    "logits": [
      23.75,
      23.625
    ],
    "absolute_gap": 0.125
  },
  "speculative_top2": {
    "token_ids": [
      58632,
      5150
    ],
    "logits": [
      23.75,
      23.75
    ],
    "absolute_gap": 0.0
  },
  "max_absolute_logit_difference": 0.1416015625,
  "speculative_target_call_index": 37,
  "speculative_target_cache_length": 167,
  "speculative_target_input_length": 6
}
FAIL qa[3] compiled-static-fixed replay=3/3
{
  "first_divergent_index": 121,
  "window_start": 116,
  "expected_token_ids": [
    1450,
    11,
    19813,
    311,
    279,
    58632,
    11572,
    315,
    5361,
    9256,
    477
  ],
  "actual_token_ids": [
    1450,
    11,
    19813,
    311,
    279,
    5150,
    58632,
    11572,
    315,
    5361,
    9256
  ],
  "expected_text": " hand, refers to the simultaneous execution of multiple tasks or",
  "actual_text": " hand, refers to the actual simultaneous execution of multiple tasks",
  "baseline_top2": {
    "token_ids": [
      58632,
      5150
    ],
    "logits": [
      23.75,
      23.625
    ],
    "absolute_gap": 0.125
  },
  "speculative_top2": {
    "token_ids": [
      58632,
      5150
    ],
    "logits": [
      23.75,
      23.75
    ],
    "absolute_gap": 0.0
  },
  "max_absolute_logit_difference": 0.1416015625,
  "speculative_target_call_index": 37,
  "speculative_target_cache_length": 167,
  "speculative_target_input_length": 6
}
FAIL qa[3] compiled-static-adaptive replay=1/3
{
  "first_divergent_index": 121,
  "window_start": 116,
  "expected_token_ids": [
    1450,
    11,
    19813,
    311,
    279,
    58632,
    11572,
    315,
    5361,
    9256,
    477
  ],
  "actual_token_ids": [
    1450,
    11,
    19813,
    311,
    279,
    5150,
    58632,
    11572,
    315,
    5361,
    9256
  ],
  "expected_text": " hand, refers to the simultaneous execution of multiple tasks or",
  "actual_text": " hand, refers to the actual simultaneous execution of multiple tasks",
  "baseline_top2": {
    "token_ids": [
      58632,
      5150
    ],
    "logits": [
      23.75,
      23.625
    ],
    "absolute_gap": 0.125
  },
  "speculative_top2": {
    "token_ids": [
      58632,
      5150
    ],
    "logits": [
      23.75,
      23.75
    ],
    "absolute_gap": 0.0
  },
  "max_absolute_logit_difference": 0.1416015625,
  "speculative_target_call_index": 37,
  "speculative_target_cache_length": 163,
  "speculative_target_input_length": 7
}
FAIL qa[3] compiled-static-adaptive replay=2/3
{
  "first_divergent_index": 121,
  "window_start": 116,
  "expected_token_ids": [
    1450,
    11,
    19813,
    311,
    279,
    58632,
    11572,
    315,
    5361,
    9256,
    477
  ],
  "actual_token_ids": [
    1450,
    11,
    19813,
    311,
    279,
    5150,
    58632,
    11572,
    315,
    5361,
    9256
  ],
  "expected_text": " hand, refers to the simultaneous execution of multiple tasks or",
  "actual_text": " hand, refers to the actual simultaneous execution of multiple tasks",
  "baseline_top2": {
    "token_ids": [
      58632,
      5150
    ],
    "logits": [
      23.75,
      23.625
    ],
    "absolute_gap": 0.125
  },
  "speculative_top2": {
    "token_ids": [
      58632,
      5150
    ],
    "logits": [
      23.75,
      23.75
    ],
    "absolute_gap": 0.0
  },
  "max_absolute_logit_difference": 0.1416015625,
  "speculative_target_call_index": 37,
  "speculative_target_cache_length": 163,
  "speculative_target_input_length": 7
}
FAIL qa[3] compiled-static-adaptive replay=3/3
{
  "first_divergent_index": 121,
  "window_start": 116,
  "expected_token_ids": [
    1450,
    11,
    19813,
    311,
    279,
    58632,
    11572,
    315,
    5361,
    9256,
    477
  ],
  "actual_token_ids": [
    1450,
    11,
    19813,
    311,
    279,
    5150,
    58632,
    11572,
    315,
    5361,
    9256
  ],
  "expected_text": " hand, refers to the simultaneous execution of multiple tasks or",
  "actual_text": " hand, refers to the actual simultaneous execution of multiple tasks",
  "baseline_top2": {
    "token_ids": [
      58632,
      5150
    ],
    "logits": [
      23.75,
      23.625
    ],
    "absolute_gap": 0.125
  },
  "speculative_top2": {
    "token_ids": [
      58632,
      5150
    ],
    "logits": [
      23.75,
      23.75
    ],
    "absolute_gap": 0.0
  },
  "max_absolute_logit_difference": 0.1416015625,
  "speculative_target_call_index": 37,
  "speculative_target_cache_length": 163,
  "speculative_target_input_length": 7
}
PASS stochastic first-token check: TV=0.0000, paired mismatch rate=0.0000, samples=64
Exact seed-for-seed sequence identity is not a distributional invariant because DynamicCache and StaticCache can have small numerical differences. This compares paired first tokens and empirical first-token distributions.
results/raw/gpu_equality_bfloat16_5083352.json
GPU VERIFICATION FAILED
- code[1] eager-dynamic-fixed replay 1
- code[1] eager-dynamic-fixed replay 2
- code[1] compiled-static-fixed replay 1
- code[1] compiled-static-fixed replay 2
- code[1] compiled-static-fixed replay 3
- code[1] compiled-static-adaptive replay 1
- code[1] compiled-static-adaptive replay 2
- code[1] compiled-static-adaptive replay 3
- code[2] eager-dynamic-fixed replay 1
- code[2] eager-dynamic-fixed replay 2
- code[2] compiled-static-fixed replay 1
- code[2] compiled-static-fixed replay 2
- code[2] compiled-static-fixed replay 3
- code[3] eager-dynamic-fixed replay 1
- code[3] eager-dynamic-fixed replay 2
- code[3] compiled-static-fixed replay 1
- code[3] compiled-static-fixed replay 2
- code[3] compiled-static-fixed replay 3
- code[3] compiled-static-adaptive replay 1
- code[3] compiled-static-adaptive replay 2
- code[3] compiled-static-adaptive replay 3
- qa[1] eager-dynamic-fixed replay 1
- qa[1] eager-dynamic-fixed replay 2
- qa[1] compiled-static-fixed replay 1
- qa[1] compiled-static-fixed replay 2
- qa[1] compiled-static-fixed replay 3
- qa[1] compiled-static-adaptive replay 1
- qa[1] compiled-static-adaptive replay 2
- qa[1] compiled-static-adaptive replay 3
- qa[2] eager-dynamic-fixed replay 1
- qa[2] eager-dynamic-fixed replay 2
- qa[2] compiled-static-fixed replay 1
- qa[2] compiled-static-fixed replay 2
- qa[2] compiled-static-fixed replay 3
- qa[2] compiled-static-adaptive replay 1
- qa[2] compiled-static-adaptive replay 2
- qa[2] compiled-static-adaptive replay 3
- qa[3] eager-dynamic-fixed replay 1
- qa[3] eager-dynamic-fixed replay 2
- qa[3] compiled-static-fixed replay 1
- qa[3] compiled-static-fixed replay 2
- qa[3] compiled-static-fixed replay 3
- qa[3] compiled-static-adaptive replay 1
- qa[3] compiled-static-adaptive replay 2
- qa[3] compiled-static-adaptive replay 3
