## SLURM PROLOG ###############################################################
##    Job ID : 5083454
##  Job Name : specdec-gpu-equality
##  Nodelist : gpu3006
##      CPUs : 1
##  Mem/Node : 102400 MB
## Directory : /oscar/home/jsjojo/AIinferenceproj
##   Job Started : Wed Aug 19 02:39:43 PM EDT 2026
###############################################################################
WARMUP compiled-static-fixed 1/3
WARMUP compiled-static-fixed 2/3
WARMUP compiled-static-fixed 3/3
WARMUP compiled-static-adaptive 1/3
WARMUP compiled-static-adaptive 2/3
WARMUP compiled-static-adaptive 3/3
CUDA GRAPH EVENTS: ['cudaGraphLaunch']
ALIAS PROBE: retained_unchanged=True same_data_ptr=False raw_buffer_reused=True raw_retained_changed=True negative_control=False
PASS code[0] baseline determinism
SHAPE CONTROL: max_abs_diff=0.37500000 argmax_differences=0 first=None
FAIL code[0] eager-dynamic-fixed replay=1/2
{
  "first_divergent_index": 7,
  "window_start": 2,
  "expected_token_ids": [
    96396,
    6193,
    91719,
    1357,
    43298,
    304,
    13325,
    1035,
    19311,
    47825,
    271
  ],
  "actual_token_ids": [
    96396,
    6193,
    91719,
    1357,
    43298,
    1035,
    3134,
    47825,
    271,
    8586,
    596
  ],
  "expected_text": "erging Overlapping Intervals in Python**\n=====================================================\n\n",
  "actual_text": "erging Overlapping Intervals**\n=====================================\n\nHere's",
  "baseline_top2": {
    "token_ids": [
      1035,
      304
    ],
    "logits": [
      25.5,
      25.5
    ],
    "absolute_gap": 0.0
  },
  "speculative_top2": {
    "token_ids": [
      1035,
      304
    ],
    "logits": [
      25.625,
      25.5
    ],
    "absolute_gap": 0.125
  },
  "max_absolute_logit_difference": 0.15625,
  "speculative_target_call_index": 2,
  "speculative_target_cache_length": 53,
  "speculative_target_input_length": 6
}
FAIL code[0] eager-dynamic-fixed replay=2/2
{
  "first_divergent_index": 7,
  "window_start": 2,
  "expected_token_ids": [
    96396,
    6193,
    91719,
    1357,
    43298,
    304,
    13325,
    1035,
    19311,
    47825,
    271
  ],
  "actual_token_ids": [
    96396,
    6193,
    91719,
    1357,
    43298,
    1035,
    3134,
    47825,
    271,
    8586,
    596
  ],
  "expected_text": "erging Overlapping Intervals in Python**\n=====================================================\n\n",
  "actual_text": "erging Overlapping Intervals**\n=====================================\n\nHere's",
  "baseline_top2": {
    "token_ids": [
      1035,
      304
    ],
    "logits": [
      25.5,
      25.5
    ],
    "absolute_gap": 0.0
  },
  "speculative_top2": {
    "token_ids": [
      1035,
      304
    ],
    "logits": [
      25.625,
      25.5
    ],
    "absolute_gap": 0.125
  },
  "max_absolute_logit_difference": 0.15625,
  "speculative_target_call_index": 2,
  "speculative_target_cache_length": 53,
  "speculative_target_input_length": 6
}
FAIL code[0] compiled-static-fixed replay=1/3
{
  "first_divergent_index": 7,
  "window_start": 2,
  "expected_token_ids": [
    96396,
    6193,
    91719,
    1357,
    43298,
    304,
    13325,
    1035,
    19311,
    47825,
    271
  ],
  "actual_token_ids": [
    96396,
    6193,
    91719,
    1357,
    43298,
    1035,
    3134,
    47825,
    271,
    8586,
    596
  ],
  "expected_text": "erging Overlapping Intervals in Python**\n=====================================================\n\n",
  "actual_text": "erging Overlapping Intervals**\n=====================================\n\nHere's",
  "baseline_top2": {
    "token_ids": [
      1035,
      304
    ],
    "logits": [
      25.5,
      25.5
    ],
    "absolute_gap": 0.0
  },
  "speculative_top2": {
    "token_ids": [
      1035,
      304
    ],
    "logits": [
      25.625,
      25.5
    ],
    "absolute_gap": 0.125
  },
  "max_absolute_logit_difference": 0.15625,
  "speculative_target_call_index": 2,
  "speculative_target_cache_length": 53,
  "speculative_target_input_length": 6
}
FAIL code[0] compiled-static-fixed replay=2/3
{
  "first_divergent_index": 7,
  "window_start": 2,
  "expected_token_ids": [
    96396,
    6193,
    91719,
    1357,
    43298,
    304,
    13325,
    1035,
    19311,
    47825,
    271
  ],
  "actual_token_ids": [
    96396,
    6193,
    91719,
    1357,
    43298,
    1035,
    3134,
    47825,
    271,
    8586,
    596
  ],
  "expected_text": "erging Overlapping Intervals in Python**\n=====================================================\n\n",
  "actual_text": "erging Overlapping Intervals**\n=====================================\n\nHere's",
  "baseline_top2": {
    "token_ids": [
      1035,
      304
    ],
    "logits": [
      25.5,
      25.5
    ],
    "absolute_gap": 0.0
  },
  "speculative_top2": {
    "token_ids": [
      1035,
      304
    ],
    "logits": [
      25.625,
      25.5
    ],
    "absolute_gap": 0.125
  },
  "max_absolute_logit_difference": 0.15625,
  "speculative_target_call_index": 2,
  "speculative_target_cache_length": 53,
  "speculative_target_input_length": 6
}
FAIL code[0] compiled-static-fixed replay=3/3
{
  "first_divergent_index": 7,
  "window_start": 2,
  "expected_token_ids": [
    96396,
    6193,
    91719,
    1357,
    43298,
    304,
    13325,
    1035,
    19311,
    47825,
    271
  ],
  "actual_token_ids": [
    96396,
    6193,
    91719,
    1357,
    43298,
    1035,
    3134,
    47825,
    271,
    8586,
    596
  ],
  "expected_text": "erging Overlapping Intervals in Python**\n=====================================================\n\n",
  "actual_text": "erging Overlapping Intervals**\n=====================================\n\nHere's",
  "baseline_top2": {
    "token_ids": [
      1035,
      304
    ],
    "logits": [
      25.5,
      25.5
    ],
    "absolute_gap": 0.0
  },
  "speculative_top2": {
    "token_ids": [
      1035,
      304
    ],
    "logits": [
      25.625,
      25.5
    ],
    "absolute_gap": 0.125
  },
  "max_absolute_logit_difference": 0.15625,
  "speculative_target_call_index": 2,
  "speculative_target_cache_length": 53,
  "speculative_target_input_length": 6
}
FAIL code[0] compiled-static-adaptive replay=1/3
{
  "first_divergent_index": 7,
  "window_start": 2,
  "expected_token_ids": [
    96396,
    6193,
    91719,
    1357,
    43298,
    304,
    13325,
    1035,
    19311,
    47825,
    271
  ],
  "actual_token_ids": [
    96396,
    6193,
    91719,
    1357,
    43298,
    1035,
    3134,
    47825,
    271,
    8586,
    596
  ],
  "expected_text": "erging Overlapping Intervals in Python**\n=====================================================\n\n",
  "actual_text": "erging Overlapping Intervals**\n=====================================\n\nHere's",
  "baseline_top2": {
    "token_ids": [
      1035,
      304
    ],
    "logits": [
      25.5,
      25.5
    ],
    "absolute_gap": 0.0
  },
  "speculative_top2": {
    "token_ids": [
      1035,
      304
    ],
    "logits": [
      25.625,
      25.5
    ],
    "absolute_gap": 0.125
  },
  "max_absolute_logit_difference": 0.15625,
  "speculative_target_call_index": 2,
  "speculative_target_cache_length": 53,
  "speculative_target_input_length": 8
}
FAIL code[0] compiled-static-adaptive replay=2/3
{
  "first_divergent_index": 7,
  "window_start": 2,
  "expected_token_ids": [
    96396,
    6193,
    91719,
    1357,
    43298,
    304,
    13325,
    1035,
    19311,
    47825,
    271
  ],
  "actual_token_ids": [
    96396,
    6193,
    91719,
    1357,
    43298,
    1035,
    3134,
    47825,
    271,
    8586,
    596
  ],
  "expected_text": "erging Overlapping Intervals in Python**\n=====================================================\n\n",
  "actual_text": "erging Overlapping Intervals**\n=====================================\n\nHere's",
  "baseline_top2": {
    "token_ids": [
      1035,
      304
    ],
    "logits": [
      25.5,
      25.5
    ],
    "absolute_gap": 0.0
  },
  "speculative_top2": {
    "token_ids": [
      1035,
      304
    ],
    "logits": [
      25.625,
      25.5
    ],
    "absolute_gap": 0.125
  },
  "max_absolute_logit_difference": 0.15625,
  "speculative_target_call_index": 2,
  "speculative_target_cache_length": 53,
  "speculative_target_input_length": 8
}
FAIL code[0] compiled-static-adaptive replay=3/3
{
  "first_divergent_index": 7,
  "window_start": 2,
  "expected_token_ids": [
    96396,
    6193,
    91719,
    1357,
    43298,
    304,
    13325,
    1035,
    19311,
    47825,
    271
  ],
  "actual_token_ids": [
    96396,
    6193,
    91719,
    1357,
    43298,
    1035,
    3134,
    47825,
    271,
    8586,
    596
  ],
  "expected_text": "erging Overlapping Intervals in Python**\n=====================================================\n\n",
  "actual_text": "erging Overlapping Intervals**\n=====================================\n\nHere's",
  "baseline_top2": {
    "token_ids": [
      1035,
      304
    ],
    "logits": [
      25.5,
      25.5
    ],
    "absolute_gap": 0.0
  },
  "speculative_top2": {
    "token_ids": [
      1035,
      304
    ],
    "logits": [
      25.625,
      25.5
    ],
    "absolute_gap": 0.125
  },
  "max_absolute_logit_difference": 0.15625,
  "speculative_target_call_index": 2,
  "speculative_target_cache_length": 53,
  "speculative_target_input_length": 8
}
PASS code[1] baseline determinism
SHAPE CONTROL: max_abs_diff=0.53125000 argmax_differences=0 first=None
FAIL code[1] eager-dynamic-fixed replay=1/2
{
  "first_divergent_index": 37,
  "window_start": 32,
  "expected_token_ids": [
    12158,
    302,
    6309,
    63,
    4793,
    382,
    74694,
    12958,
    198,
    1058,
    6146
  ],
  "actual_token_ids": [
    12158,
    302,
    6309,
    63,
    4793,
    13,
    1115,
    8292,
    5829,
    264,
    11240
  ],
  "expected_text": "functools` module.\n\n```python\nclass Node",
  "actual_text": "functools` module. This implementation uses a dictionary",
  "baseline_top2": {
    "token_ids": [
      382,
      13
    ],
    "logits": [
      29.75,
      29.625
    ],
    "absolute_gap": 0.125
  },
  "speculative_top2": {
    "token_ids": [
      382,
      13
    ],
    "logits": [
      29.625,
      29.625
    ],
    "absolute_gap": 0.0
  },
  "max_absolute_logit_difference": 0.146484375,
  "speculative_target_call_index": 7,
  "speculative_target_cache_length": 81,
  "speculative_target_input_length": 6
}
FAIL code[1] eager-dynamic-fixed replay=2/2
{
  "first_divergent_index": 37,
  "window_start": 32,
  "expected_token_ids": [
    12158,
    302,
    6309,
    63,
    4793,
    382,
    74694,
    12958,
    198,
    1058,
    6146
  ],
  "actual_token_ids": [
    12158,
    302,
    6309,
    63,
    4793,
    13,
    1115,
    8292,
    5829,
    264,
    11240
  ],
  "expected_text": "functools` module.\n\n```python\nclass Node",
  "actual_text": "functools` module. This implementation uses a dictionary",
  "baseline_top2": {
    "token_ids": [
      382,
      13
    ],
    "logits": [
      29.75,
      29.625
    ],
    "absolute_gap": 0.125
  },
  "speculative_top2": {
    "token_ids": [
      382,
      13
    ],
    "logits": [
      29.625,
      29.625
    ],
    "absolute_gap": 0.0
  },
  "max_absolute_logit_difference": 0.146484375,
  "speculative_target_call_index": 7,
  "speculative_target_cache_length": 81,
  "speculative_target_input_length": 6
}
FAIL code[1] compiled-static-fixed replay=1/3
{
  "first_divergent_index": 37,
  "window_start": 32,
  "expected_token_ids": [
    12158,
    302,
    6309,
    63,
    4793,
    382,
    74694,
    12958,
    198,
    1058,
    6146
  ],
  "actual_token_ids": [
    12158,
    302,
    6309,
    63,
    4793,
    13,
    1115,
    8292,
    5829,
    264,
    11240
  ],
  "expected_text": "functools` module.\n\n```python\nclass Node",
  "actual_text": "functools` module. This implementation uses a dictionary",
  "baseline_top2": {
    "token_ids": [
      382,
      13
    ],
    "logits": [
      29.75,
      29.625
    ],
    "absolute_gap": 0.125
  },
  "speculative_top2": {
    "token_ids": [
      382,
      13
    ],
    "logits": [
      29.625,
      29.625
    ],
    "absolute_gap": 0.0
  },
  "max_absolute_logit_difference": 0.146484375,
  "speculative_target_call_index": 7,
  "speculative_target_cache_length": 81,
  "speculative_target_input_length": 6
}
FAIL code[1] compiled-static-fixed replay=2/3
{
  "first_divergent_index": 37,
  "window_start": 32,
  "expected_token_ids": [
    12158,
    302,
    6309,
    63,
    4793,
    382,
    74694,
    12958,
    198,
    1058,
    6146
  ],
  "actual_token_ids": [
    12158,
    302,
    6309,
    63,
    4793,
    13,
    1115,
    8292,
    5829,
    264,
    11240
  ],
  "expected_text": "functools` module.\n\n```python\nclass Node",
  "actual_text": "functools` module. This implementation uses a dictionary",
  "baseline_top2": {
    "token_ids": [
      382,
      13
    ],
    "logits": [
      29.75,
      29.625
    ],
    "absolute_gap": 0.125
  },
  "speculative_top2": {
    "token_ids": [
      382,
      13
    ],
    "logits": [
      29.625,
      29.625
    ],
    "absolute_gap": 0.0
  },
  "max_absolute_logit_difference": 0.146484375,
  "speculative_target_call_index": 7,
  "speculative_target_cache_length": 81,
  "speculative_target_input_length": 6
}
FAIL code[1] compiled-static-fixed replay=3/3
{
  "first_divergent_index": 37,
  "window_start": 32,
  "expected_token_ids": [
    12158,
    302,
    6309,
    63,
    4793,
    382,
    74694,
    12958,
    198,
    1058,
    6146
  ],
  "actual_token_ids": [
    12158,
    302,
    6309,
    63,
    4793,
    13,
    1115,
    8292,
    5829,
    264,
    11240
  ],
  "expected_text": "functools` module.\n\n```python\nclass Node",
  "actual_text": "functools` module. This implementation uses a dictionary",
  "baseline_top2": {
    "token_ids": [
      382,
      13
    ],
    "logits": [
      29.75,
      29.625
    ],
    "absolute_gap": 0.125
  },
  "speculative_top2": {
    "token_ids": [
      382,
      13
    ],
    "logits": [
      29.625,
      29.625
    ],
    "absolute_gap": 0.0
  },
  "max_absolute_logit_difference": 0.146484375,
  "speculative_target_call_index": 7,
  "speculative_target_cache_length": 81,
  "speculative_target_input_length": 6
}
FAIL code[1] compiled-static-adaptive replay=1/3
{
  "first_divergent_index": 37,
  "window_start": 32,
  "expected_token_ids": [
    12158,
    302,
    6309,
    63,
    4793,
    382,
    74694,
    12958,
    198,
    1058,
    6146
  ],
  "actual_token_ids": [
    12158,
    302,
    6309,
    63,
    4793,
    13,
    1115,
    8292,
    5829,
    264,
    11240
  ],
  "expected_text": "functools` module.\n\n```python\nclass Node",
  "actual_text": "functools` module. This implementation uses a dictionary",
  "baseline_top2": {
    "token_ids": [
      382,
      13
    ],
    "logits": [
      29.75,
      29.625
    ],
    "absolute_gap": 0.125
  },
  "speculative_top2": {
    "token_ids": [
      382,
      13
    ],
    "logits": [
      29.625,
      29.625
    ],
    "absolute_gap": 0.0
  },
  "max_absolute_logit_difference": 0.146484375,
  "speculative_target_call_index": 5,
  "speculative_target_cache_length": 81,
  "speculative_target_input_length": 14
}
FAIL code[1] compiled-static-adaptive replay=2/3
{
  "first_divergent_index": 37,
  "window_start": 32,
  "expected_token_ids": [
    12158,
    302,
    6309,
    63,
    4793,
    382,
    74694,
    12958,
    198,
    1058,
    6146
  ],
  "actual_token_ids": [
    12158,
    302,
    6309,
    63,
    4793,
    13,
    1115,
    8292,
    5829,
    264,
    11240
  ],
  "expected_text": "functools` module.\n\n```python\nclass Node",
  "actual_text": "functools` module. This implementation uses a dictionary",
  "baseline_top2": {
    "token_ids": [
      382,
      13
    ],
    "logits": [
      29.75,
      29.625
    ],
    "absolute_gap": 0.125
  },
  "speculative_top2": {
    "token_ids": [
      382,
      13
    ],
    "logits": [
      29.625,
      29.625
    ],
    "absolute_gap": 0.0
  },
  "max_absolute_logit_difference": 0.146484375,
  "speculative_target_call_index": 5,
  "speculative_target_cache_length": 81,
  "speculative_target_input_length": 14
}
FAIL code[1] compiled-static-adaptive replay=3/3
{
  "first_divergent_index": 37,
  "window_start": 32,
  "expected_token_ids": [
    12158,
    302,
    6309,
    63,
    4793,
    382,
    74694,
    12958,
    198,
    1058,
    6146
  ],
  "actual_token_ids": [
    12158,
    302,
    6309,
    63,
    4793,
    13,
    1115,
    8292,
    5829,
    264,
    11240
  ],
  "expected_text": "functools` module.\n\n```python\nclass Node",
  "actual_text": "functools` module. This implementation uses a dictionary",
  "baseline_top2": {
    "token_ids": [
      382,
      13
    ],
    "logits": [
      29.75,
      29.625
    ],
    "absolute_gap": 0.125
  },
  "speculative_top2": {
    "token_ids": [
      382,
      13
    ],
    "logits": [
      29.625,
      29.625
    ],
    "absolute_gap": 0.0
  },
  "max_absolute_logit_difference": 0.146484375,
  "speculative_target_call_index": 5,
  "speculative_target_cache_length": 81,
  "speculative_target_input_length": 14
}
PASS code[2] baseline determinism
SHAPE CONTROL: max_abs_diff=0.43750000 argmax_differences=1 first=113
FAIL code[2] eager-dynamic-fixed replay=1/2
{
  "first_divergent_index": 113,
  "window_start": 108,
  "expected_token_ids": [
    1766,
    627,
    262,
    3270,
    262,
    2163,
    11,
    1314,
    284,
    220,
    15
  ],
  "actual_token_ids": [
    1766,
    627,
    262,
    3270,
    262,
    3428,
    11,
    1579,
    284,
    220,
    15
  ],
  "expected_text": " found.\n    \"\"\"\n    left, right = 0",
  "actual_text": " found.\n    \"\"\"\n    low, high = 0",
  "baseline_top2": {
    "token_ids": [
      3428,
      2163
    ],
    "logits": [
      25.875,
      25.875
    ],
    "absolute_gap": 0.0
  },
  "speculative_top2": {
    "token_ids": [
      3428,
      2163
    ],
    "logits": [
      25.875,
      25.75
    ],
    "absolute_gap": 0.125
  },
  "max_absolute_logit_difference": 0.15625,
  "speculative_target_call_index": 23,
  "speculative_target_cache_length": 157,
  "speculative_target_input_length": 6
}
FAIL code[2] eager-dynamic-fixed replay=2/2
{
  "first_divergent_index": 113,
  "window_start": 108,
  "expected_token_ids": [
    1766,
    627,
    262,
    3270,
    262,
    2163,
    11,
    1314,
    284,
    220,
    15
  ],
  "actual_token_ids": [
    1766,
    627,
    262,
    3270,
    262,
    3428,
    11,
    1579,
    284,
    220,
    15
  ],
  "expected_text": " found.\n    \"\"\"\n    left, right = 0",
  "actual_text": " found.\n    \"\"\"\n    low, high = 0",
  "baseline_top2": {
    "token_ids": [
      3428,
      2163
    ],
    "logits": [
      25.875,
      25.875
    ],
    "absolute_gap": 0.0
  },
  "speculative_top2": {
    "token_ids": [
      3428,
      2163
    ],
    "logits": [
      25.875,
      25.75
    ],
    "absolute_gap": 0.125
  },
  "max_absolute_logit_difference": 0.15625,
  "speculative_target_call_index": 23,
  "speculative_target_cache_length": 157,
  "speculative_target_input_length": 6
}
FAIL code[2] compiled-static-fixed replay=1/3
{
  "first_divergent_index": 113,
  "window_start": 108,
  "expected_token_ids": [
    1766,
    627,
    262,
    3270,
    262,
    2163,
    11,
    1314,
    284,
    220,
    15
  ],
  "actual_token_ids": [
    1766,
    627,
    262,
    3270,
    262,
    3428,
    11,
    1579,
    284,
    220,
    15
  ],
  "expected_text": " found.\n    \"\"\"\n    left, right = 0",
  "actual_text": " found.\n    \"\"\"\n    low, high = 0",
  "baseline_top2": {
    "token_ids": [
      3428,
      2163
    ],
    "logits": [
      25.875,
      25.875
    ],
    "absolute_gap": 0.0
  },
  "speculative_top2": {
    "token_ids": [
      3428,
      2163
    ],
    "logits": [
      25.875,
      25.75
    ],
    "absolute_gap": 0.125
  },
  "max_absolute_logit_difference": 0.15625,
  "speculative_target_call_index": 23,
  "speculative_target_cache_length": 157,
  "speculative_target_input_length": 6
}
FAIL code[2] compiled-static-fixed replay=2/3
{
  "first_divergent_index": 113,
  "window_start": 108,
  "expected_token_ids": [
    1766,
    627,
    262,
    3270,
    262,
    2163,
    11,
    1314,
    284,
    220,
    15
  ],
  "actual_token_ids": [
    1766,
    627,
    262,
    3270,
    262,
    3428,
    11,
    1579,
    284,
    220,
    15
  ],
  "expected_text": " found.\n    \"\"\"\n    left, right = 0",
  "actual_text": " found.\n    \"\"\"\n    low, high = 0",
  "baseline_top2": {
    "token_ids": [
      3428,
      2163
    ],
    "logits": [
      25.875,
      25.875
    ],
    "absolute_gap": 0.0
  },
  "speculative_top2": {
    "token_ids": [
      3428,
      2163
    ],
    "logits": [
      25.875,
      25.75
    ],
    "absolute_gap": 0.125
  },
  "max_absolute_logit_difference": 0.15625,
  "speculative_target_call_index": 23,
  "speculative_target_cache_length": 157,
  "speculative_target_input_length": 6
}
FAIL code[2] compiled-static-fixed replay=3/3
{
  "first_divergent_index": 113,
  "window_start": 108,
  "expected_token_ids": [
    1766,
    627,
    262,
    3270,
    262,
    2163,
    11,
    1314,
    284,
    220,
    15
  ],
  "actual_token_ids": [
    1766,
    627,
    262,
    3270,
    262,
    3428,
    11,
    1579,
    284,
    220,
    15
  ],
  "expected_text": " found.\n    \"\"\"\n    left, right = 0",
  "actual_text": " found.\n    \"\"\"\n    low, high = 0",
  "baseline_top2": {
    "token_ids": [
      3428,
      2163
    ],
    "logits": [
      25.875,
      25.875
    ],
    "absolute_gap": 0.0
  },
  "speculative_top2": {
    "token_ids": [
      3428,
      2163
    ],
    "logits": [
      25.875,
      25.75
    ],
    "absolute_gap": 0.125
  },
  "max_absolute_logit_difference": 0.15625,
  "speculative_target_call_index": 23,
  "speculative_target_cache_length": 157,
  "speculative_target_input_length": 6
}
FAIL code[2] compiled-static-adaptive replay=1/3
{
  "first_divergent_index": 113,
  "window_start": 108,
  "expected_token_ids": [
    1766,
    627,
    262,
    3270,
    262,
    2163,
    11,
    1314,
    284,
    220,
    15
  ],
  "actual_token_ids": [
    1766,
    627,
    262,
    3270,
    262,
    3428,
    11,
    1579,
    284,
    220,
    15
  ],
  "expected_text": " found.\n    \"\"\"\n    left, right = 0",
  "actual_text": " found.\n    \"\"\"\n    low, high = 0",
  "baseline_top2": {
    "token_ids": [
      3428,
      2163
    ],
    "logits": [
      25.875,
      25.875
    ],
    "absolute_gap": 0.0
  },
  "speculative_top2": {
    "token_ids": [
      3428,
      2163
    ],
    "logits": [
      25.875,
      25.75
    ],
    "absolute_gap": 0.125
  },
  "max_absolute_logit_difference": 0.1640625,
  "speculative_target_call_index": 14,
  "speculative_target_cache_length": 151,
  "speculative_target_input_length": 13
}
FAIL code[2] compiled-static-adaptive replay=2/3
{
  "first_divergent_index": 113,
  "window_start": 108,
  "expected_token_ids": [
    1766,
    627,
    262,
    3270,
    262,
    2163,
    11,
    1314,
    284,
    220,
    15
  ],
  "actual_token_ids": [
    1766,
    627,
    262,
    3270,
    262,
    3428,
    11,
    1579,
    284,
    220,
    15
  ],
  "expected_text": " found.\n    \"\"\"\n    left, right = 0",
  "actual_text": " found.\n    \"\"\"\n    low, high = 0",
  "baseline_top2": {
    "token_ids": [
      3428,
      2163
    ],
    "logits": [
      25.875,
      25.875
    ],
    "absolute_gap": 0.0
  },
  "speculative_top2": {
    "token_ids": [
      3428,
      2163
    ],
    "logits": [
      25.875,
      25.75
    ],
    "absolute_gap": 0.125
  },
  "max_absolute_logit_difference": 0.1640625,
  "speculative_target_call_index": 14,
  "speculative_target_cache_length": 151,
  "speculative_target_input_length": 13
}
FAIL code[2] compiled-static-adaptive replay=3/3
{
  "first_divergent_index": 113,
  "window_start": 108,
  "expected_token_ids": [
    1766,
    627,
    262,
    3270,
    262,
    2163,
    11,
    1314,
    284,
    220,
    15
  ],
  "actual_token_ids": [
    1766,
    627,
    262,
    3270,
    262,
    3428,
    11,
    1579,
    284,
    220,
    15
  ],
  "expected_text": " found.\n    \"\"\"\n    left, right = 0",
  "actual_text": " found.\n    \"\"\"\n    low, high = 0",
  "baseline_top2": {
    "token_ids": [
      3428,
      2163
    ],
    "logits": [
      25.875,
      25.875
    ],
    "absolute_gap": 0.0
  },
  "speculative_top2": {
    "token_ids": [
      3428,
      2163
    ],
    "logits": [
      25.875,
      25.75
    ],
    "absolute_gap": 0.125
  },
  "max_absolute_logit_difference": 0.1640625,
  "speculative_target_call_index": 14,
  "speculative_target_cache_length": 151,
  "speculative_target_input_length": 13
}
PASS code[3] baseline determinism
SHAPE CONTROL: max_abs_diff=0.50000000 argmax_differences=1 first=13
PASS code[3] eager-dynamic-fixed replay=1/2
PASS code[3] eager-dynamic-fixed replay=2/2
PASS code[3] compiled-static-fixed replay=1/3
PASS code[3] compiled-static-fixed replay=2/3
PASS code[3] compiled-static-fixed replay=3/3
FAIL code[3] compiled-static-adaptive replay=1/3
{
  "first_divergent_index": 74,
  "window_start": 69,
  "expected_token_ids": [
    2361,
    304,
    279,
    8668,
    382,
    32,
    11008,
    304,
    264,
    10815,
    1160
  ],
  "actual_token_ids": [
    2361,
    304,
    279,
    8668,
    382,
    334,
    45920,
    58453,
    1035,
    776,
    10669
  ],
  "expected_text": " position in the sequence.\n\nA cycle in a linked list",
  "actual_text": " position in the sequence.\n\n**Cycle Detection**\n-----------------\n\n",
  "baseline_top2": {
    "token_ids": [
      32,
      334
    ],
    "logits": [
      21.625,
      21.5
    ],
    "absolute_gap": 0.125
  },
  "speculative_top2": {
    "token_ids": [
      334,
      32
    ],
    "logits": [
      21.625,
      21.5
    ],
    "absolute_gap": 0.125
  },
  "max_absolute_logit_difference": 0.15625,
  "speculative_target_call_index": 15,
  "speculative_target_cache_length": 124,
  "speculative_target_input_length": 7
}
FAIL code[3] compiled-static-adaptive replay=2/3
{
  "first_divergent_index": 74,
  "window_start": 69,
  "expected_token_ids": [
    2361,
    304,
    279,
    8668,
    382,
    32,
    11008,
    304,
    264,
    10815,
    1160
  ],
  "actual_token_ids": [
    2361,
    304,
    279,
    8668,
    382,
    334,
    45920,
    58453,
    1035,
    776,
    10669
  ],
  "expected_text": " position in the sequence.\n\nA cycle in a linked list",
  "actual_text": " position in the sequence.\n\n**Cycle Detection**\n-----------------\n\n",
  "baseline_top2": {
    "token_ids": [
      32,
      334
    ],
    "logits": [
      21.625,
      21.5
    ],
    "absolute_gap": 0.125
  },
  "speculative_top2": {
    "token_ids": [
      334,
      32
    ],
    "logits": [
      21.625,
      21.5
    ],
    "absolute_gap": 0.125
  },
  "max_absolute_logit_difference": 0.15625,
  "speculative_target_call_index": 15,
  "speculative_target_cache_length": 124,
  "speculative_target_input_length": 7
}
FAIL code[3] compiled-static-adaptive replay=3/3
{
  "first_divergent_index": 74,
  "window_start": 69,
  "expected_token_ids": [
    2361,
    304,
    279,
    8668,
    382,
    32,
    11008,
    304,
    264,
    10815,
    1160
  ],
  "actual_token_ids": [
    2361,
    304,
    279,
    8668,
    382,
    334,
    45920,
    58453,
    1035,
    776,
    10669
  ],
  "expected_text": " position in the sequence.\n\nA cycle in a linked list",
  "actual_text": " position in the sequence.\n\n**Cycle Detection**\n-----------------\n\n",
  "baseline_top2": {
    "token_ids": [
      32,
      334
    ],
    "logits": [
      21.625,
      21.5
    ],
    "absolute_gap": 0.125
  },
  "speculative_top2": {
    "token_ids": [
      334,
      32
    ],
    "logits": [
      21.625,
      21.5
    ],
    "absolute_gap": 0.125
  },
  "max_absolute_logit_difference": 0.15625,
  "speculative_target_call_index": 15,
  "speculative_target_cache_length": 124,
  "speculative_target_input_length": 7
}
PASS qa[0] baseline determinism
SHAPE CONTROL: max_abs_diff=0.31250000 argmax_differences=1 first=123
FAIL qa[0] eager-dynamic-fixed replay=1/2
{
  "first_divergent_index": 123,
  "window_start": 118,
  "expected_token_ids": [
    1109,
    1023,
    8146,
    11,
    3339,
    279,
    13180,
    5101,
    6437,
    382
  ],
  "actual_token_ids": [
    1109,
    1023,
    8146,
    11,
    3339,
    433,
    810,
    9621,
    304,
    279
  ],
  "expected_text": " than other colors, making the sky appear blue.\n\n",
  "actual_text": " than other colors, making it more visible in the",
  "baseline_top2": {
    "token_ids": [
      433,
      279
    ],
    "logits": [
      30.875,
      30.875
    ],
    "absolute_gap": 0.0
  },
  "speculative_top2": {
    "token_ids": [
      433,
      279
    ],
    "logits": [
      30.875,
      30.75
    ],
    "absolute_gap": 0.125
  },
  "max_absolute_logit_difference": 0.25,
  "speculative_target_call_index": 27,
  "speculative_target_cache_length": 169,
  "speculative_target_input_length": 6
}
FAIL qa[0] eager-dynamic-fixed replay=2/2
{
  "first_divergent_index": 123,
  "window_start": 118,
  "expected_token_ids": [
    1109,
    1023,
    8146,
    11,
    3339,
    279,
    13180,
    5101,
    6437,
    382
  ],
  "actual_token_ids": [
    1109,
    1023,
    8146,
    11,
    3339,
    433,
    810,
    9621,
    304,
    279
  ],
  "expected_text": " than other colors, making the sky appear blue.\n\n",
  "actual_text": " than other colors, making it more visible in the",
  "baseline_top2": {
    "token_ids": [
      433,
      279
    ],
    "logits": [
      30.875,
      30.875
    ],
    "absolute_gap": 0.0
  },
  "speculative_top2": {
    "token_ids": [
      433,
      279
    ],
    "logits": [
      30.875,
      30.75
    ],
    "absolute_gap": 0.125
  },
  "max_absolute_logit_difference": 0.25,
  "speculative_target_call_index": 27,
  "speculative_target_cache_length": 169,
  "speculative_target_input_length": 6
}
FAIL qa[0] compiled-static-fixed replay=1/3
{
  "first_divergent_index": 123,
  "window_start": 118,
  "expected_token_ids": [
    1109,
    1023,
    8146,
    11,
    3339,
    279,
    13180,
    5101,
    6437,
    382
  ],
  "actual_token_ids": [
    1109,
    1023,
    8146,
    11,
    3339,
    433,
    810,
    9621,
    304,
    279
  ],
  "expected_text": " than other colors, making the sky appear blue.\n\n",
  "actual_text": " than other colors, making it more visible in the",
  "baseline_top2": {
    "token_ids": [
      433,
      279
    ],
    "logits": [
      30.875,
      30.875
    ],
    "absolute_gap": 0.0
  },
  "speculative_top2": {
    "token_ids": [
      433,
      279
    ],
    "logits": [
      30.875,
      30.75
    ],
    "absolute_gap": 0.125
  },
  "max_absolute_logit_difference": 0.25,
  "speculative_target_call_index": 27,
  "speculative_target_cache_length": 169,
  "speculative_target_input_length": 6
}
FAIL qa[0] compiled-static-fixed replay=2/3
{
  "first_divergent_index": 123,
  "window_start": 118,
  "expected_token_ids": [
    1109,
    1023,
    8146,
    11,
    3339,
    279,
    13180,
    5101,
    6437,
    382
  ],
  "actual_token_ids": [
    1109,
    1023,
    8146,
    11,
    3339,
    433,
    810,
    9621,
    304,
    279
  ],
  "expected_text": " than other colors, making the sky appear blue.\n\n",
  "actual_text": " than other colors, making it more visible in the",
  "baseline_top2": {
    "token_ids": [
      433,
      279
    ],
    "logits": [
      30.875,
      30.875
    ],
    "absolute_gap": 0.0
  },
  "speculative_top2": {
    "token_ids": [
      433,
      279
    ],
    "logits": [
      30.875,
      30.75
    ],
    "absolute_gap": 0.125
  },
  "max_absolute_logit_difference": 0.25,
  "speculative_target_call_index": 27,
  "speculative_target_cache_length": 169,
  "speculative_target_input_length": 6
}
FAIL qa[0] compiled-static-fixed replay=3/3
{
  "first_divergent_index": 123,
  "window_start": 118,
  "expected_token_ids": [
    1109,
    1023,
    8146,
    11,
    3339,
    279,
    13180,
    5101,
    6437,
    382
  ],
  "actual_token_ids": [
    1109,
    1023,
    8146,
    11,
    3339,
    433,
    810,
    9621,
    304,
    279
  ],
  "expected_text": " than other colors, making the sky appear blue.\n\n",
  "actual_text": " than other colors, making it more visible in the",
  "baseline_top2": {
    "token_ids": [
      433,
      279
    ],
    "logits": [
      30.875,
      30.875
    ],
    "absolute_gap": 0.0
  },
  "speculative_top2": {
    "token_ids": [
      433,
      279
    ],
    "logits": [
      30.875,
      30.75
    ],
    "absolute_gap": 0.125
  },
  "max_absolute_logit_difference": 0.25,
  "speculative_target_call_index": 27,
  "speculative_target_cache_length": 169,
  "speculative_target_input_length": 6
}
FAIL qa[0] compiled-static-adaptive replay=1/3
{
  "first_divergent_index": 123,
  "window_start": 118,
  "expected_token_ids": [
    1109,
    1023,
    8146,
    11,
    3339,
    279,
    13180,
    5101,
    6437,
    382
  ],
  "actual_token_ids": [
    1109,
    1023,
    8146,
    11,
    3339,
    433,
    810,
    9621,
    304,
    279
  ],
  "expected_text": " than other colors, making the sky appear blue.\n\n",
  "actual_text": " than other colors, making it more visible in the",
  "baseline_top2": {
    "token_ids": [
      433,
      279
    ],
    "logits": [
      30.875,
      30.875
    ],
    "absolute_gap": 0.0
  },
  "speculative_top2": {
    "token_ids": [
      433,
      279
    ],
    "logits": [
      30.875,
      30.75
    ],
    "absolute_gap": 0.125
  },
  "max_absolute_logit_difference": 0.25,
  "speculative_target_call_index": 20,
  "speculative_target_cache_length": 169,
  "speculative_target_input_length": 8
}
FAIL qa[0] compiled-static-adaptive replay=2/3
{
  "first_divergent_index": 123,
  "window_start": 118,
  "expected_token_ids": [
    1109,
    1023,
    8146,
    11,
    3339,
    279,
    13180,
    5101,
    6437,
    382
  ],
  "actual_token_ids": [
    1109,
    1023,
    8146,
    11,
    3339,
    433,
    810,
    9621,
    304,
    279
  ],
  "expected_text": " than other colors, making the sky appear blue.\n\n",
  "actual_text": " than other colors, making it more visible in the",
  "baseline_top2": {
    "token_ids": [
      433,
      279
    ],
    "logits": [
      30.875,
      30.875
    ],
    "absolute_gap": 0.0
  },
  "speculative_top2": {
    "token_ids": [
      433,
      279
    ],
    "logits": [
      30.875,
      30.75
    ],
    "absolute_gap": 0.125
  },
  "max_absolute_logit_difference": 0.25,
  "speculative_target_call_index": 20,
  "speculative_target_cache_length": 169,
  "speculative_target_input_length": 8
}
FAIL qa[0] compiled-static-adaptive replay=3/3
{
  "first_divergent_index": 123,
  "window_start": 118,
  "expected_token_ids": [
    1109,
    1023,
    8146,
    11,
    3339,
    279,
    13180,
    5101,
    6437,
    382
  ],
  "actual_token_ids": [
    1109,
    1023,
    8146,
    11,
    3339,
    433,
    810,
    9621,
    304,
    279
  ],
  "expected_text": " than other colors, making the sky appear blue.\n\n",
  "actual_text": " than other colors, making it more visible in the",
  "baseline_top2": {
    "token_ids": [
      433,
      279
    ],
    "logits": [
      30.875,
      30.875
    ],
    "absolute_gap": 0.0
  },
  "speculative_top2": {
    "token_ids": [
      433,
      279
    ],
    "logits": [
      30.875,
      30.75
    ],
    "absolute_gap": 0.125
  },
  "max_absolute_logit_difference": 0.25,
  "speculative_target_call_index": 20,
  "speculative_target_cache_length": 169,
  "speculative_target_input_length": 8
}
PASS qa[1] baseline determinism
SHAPE CONTROL: max_abs_diff=0.37500000 argmax_differences=0 first=None
FAIL qa[1] eager-dynamic-fixed replay=1/2
{
  "first_divergent_index": 42,
  "window_start": 37,
  "expected_token_ids": [
    304,
    279,
    1887,
    13,
    1102,
    14385,
    439,
    459,
    9070,
    315,
    279
  ],
  "actual_token_ids": [
    304,
    279,
    1887,
    13,
    1102,
    6276,
    7620,
    311,
    1629,
    449,
    810
  ],
  "expected_text": " in the system. It acts as an extension of the",
  "actual_text": " in the system. It allows programs to run with more",
  "baseline_top2": {
    "token_ids": [
      14385,
      6276
    ],
    "logits": [
      21.125,
      21.0
    ],
    "absolute_gap": 0.125
  },
  "speculative_top2": {
    "token_ids": [
      14385,
      6276
    ],
    "logits": [
      21.0,
      21.0
    ],
    "absolute_gap": 0.0
  },
  "max_absolute_logit_difference": 0.140625,
  "speculative_target_call_index": 14,
  "speculative_target_cache_length": 85,
  "speculative_target_input_length": 6
}
FAIL qa[1] eager-dynamic-fixed replay=2/2
{
  "first_divergent_index": 42,
  "window_start": 37,
  "expected_token_ids": [
    304,
    279,
    1887,
    13,
    1102,
    14385,
    439,
    459,
    9070,
    315,
    279
  ],
  "actual_token_ids": [
    304,
    279,
    1887,
    13,
    1102,
    6276,
    7620,
    311,
    1629,
    449,
    810
  ],
  "expected_text": " in the system. It acts as an extension of the",
  "actual_text": " in the system. It allows programs to run with more",
  "baseline_top2": {
    "token_ids": [
      14385,
      6276
    ],
    "logits": [
      21.125,
      21.0
    ],
    "absolute_gap": 0.125
  },
  "speculative_top2": {
    "token_ids": [
      14385,
      6276
    ],
    "logits": [
      21.0,
      21.0
    ],
    "absolute_gap": 0.0
  },
  "max_absolute_logit_difference": 0.140625,
  "speculative_target_call_index": 14,
  "speculative_target_cache_length": 85,
  "speculative_target_input_length": 6
}
FAIL qa[1] compiled-static-fixed replay=1/3
{
  "first_divergent_index": 42,
  "window_start": 37,
  "expected_token_ids": [
    304,
    279,
    1887,
    13,
    1102,
    14385,
    439,
    459,
    9070,
    315,
    279
  ],
  "actual_token_ids": [
    304,
    279,
    1887,
    13,
    1102,
    6276,
    7620,
    311,
    1629,
    449,
    810
  ],
  "expected_text": " in the system. It acts as an extension of the",
  "actual_text": " in the system. It allows programs to run with more",
  "baseline_top2": {
    "token_ids": [
      14385,
      6276
    ],
    "logits": [
      21.125,
      21.0
    ],
    "absolute_gap": 0.125
  },
  "speculative_top2": {
    "token_ids": [
      14385,
      6276
    ],
    "logits": [
      21.0,
      21.0
    ],
    "absolute_gap": 0.0
  },
  "max_absolute_logit_difference": 0.140625,
  "speculative_target_call_index": 14,
  "speculative_target_cache_length": 85,
  "speculative_target_input_length": 6
}
FAIL qa[1] compiled-static-fixed replay=2/3
{
  "first_divergent_index": 42,
  "window_start": 37,
  "expected_token_ids": [
    304,
    279,
    1887,
    13,
    1102,
    14385,
    439,
    459,
    9070,
    315,
    279
  ],
  "actual_token_ids": [
    304,
    279,
    1887,
    13,
    1102,
    6276,
    7620,
    311,
    1629,
    449,
    810
  ],
  "expected_text": " in the system. It acts as an extension of the",
  "actual_text": " in the system. It allows programs to run with more",
  "baseline_top2": {
    "token_ids": [
      14385,
      6276
    ],
    "logits": [
      21.125,
      21.0
    ],
    "absolute_gap": 0.125
  },
  "speculative_top2": {
    "token_ids": [
      14385,
      6276
    ],
    "logits": [
      21.0,
      21.0
    ],
    "absolute_gap": 0.0
  },
  "max_absolute_logit_difference": 0.140625,
  "speculative_target_call_index": 14,
  "speculative_target_cache_length": 85,
  "speculative_target_input_length": 6
}
FAIL qa[1] compiled-static-fixed replay=3/3
{
  "first_divergent_index": 42,
  "window_start": 37,
  "expected_token_ids": [
    304,
    279,
    1887,
    13,
    1102,
    14385,
    439,
    459,
    9070,
    315,
    279
  ],
  "actual_token_ids": [
    304,
    279,
    1887,
    13,
    1102,
    6276,
    7620,
    311,
    1629,
    449,
    810
  ],
  "expected_text": " in the system. It acts as an extension of the",
  "actual_text": " in the system. It allows programs to run with more",
  "baseline_top2": {
    "token_ids": [
      14385,
      6276
    ],
    "logits": [
      21.125,
      21.0
    ],
    "absolute_gap": 0.125
  },
  "speculative_top2": {
    "token_ids": [
      14385,
      6276
    ],
    "logits": [
      21.0,
      21.0
    ],
    "absolute_gap": 0.0
  },
  "max_absolute_logit_difference": 0.140625,
  "speculative_target_call_index": 14,
  "speculative_target_cache_length": 85,
  "speculative_target_input_length": 6
}
PASS qa[1] compiled-static-adaptive replay=1/3
PASS qa[1] compiled-static-adaptive replay=2/3
PASS qa[1] compiled-static-adaptive replay=3/3
PASS qa[2] baseline determinism
SHAPE CONTROL: max_abs_diff=0.34375000 argmax_differences=2 first=10
FAIL qa[2] eager-dynamic-fixed replay=1/2
{
  "first_divergent_index": 10,
  "window_start": 5,
  "expected_token_ids": [
    64862,
    323,
    40370,
    527,
    1403,
    1401,
    5178,
    17150,
    430,
    6767,
    279
  ],
  "actual_token_ids": [
    64862,
    323,
    40370,
    527,
    1403,
    9200,
    5178,
    17150,
    430,
    6767,
    279
  ],
  "expected_text": " throughput and latency are two key performance metrics that measure the",
  "actual_text": " throughput and latency are two critical performance metrics that measure the",
  "baseline_top2": {
    "token_ids": [
      9200,
      1401
    ],
    "logits": [
      22.625,
      22.625
    ],
    "absolute_gap": 0.0
  },
  "speculative_top2": {
    "token_ids": [
      9200,
      1401
    ],
    "logits": [
      22.75,
      22.625
    ],
    "absolute_gap": 0.125
  },
  "max_absolute_logit_difference": 0.140625,
  "speculative_target_call_index": 2,
  "speculative_target_cache_length": 52,
  "speculative_target_input_length": 6
}
FAIL qa[2] eager-dynamic-fixed replay=2/2
{
  "first_divergent_index": 10,
  "window_start": 5,
  "expected_token_ids": [
    64862,
    323,
    40370,
    527,
    1403,
    1401,
    5178,
    17150,
    430,
    6767,
    279
  ],
  "actual_token_ids": [
    64862,
    323,
    40370,
    527,
    1403,
    9200,
    5178,
    17150,
    430,
    6767,
    279
  ],
  "expected_text": " throughput and latency are two key performance metrics that measure the",
  "actual_text": " throughput and latency are two critical performance metrics that measure the",
  "baseline_top2": {
    "token_ids": [
      9200,
      1401
    ],
    "logits": [
      22.625,
      22.625
    ],
    "absolute_gap": 0.0
  },
  "speculative_top2": {
    "token_ids": [
      9200,
      1401
    ],
    "logits": [
      22.75,
      22.625
    ],
    "absolute_gap": 0.125
  },
  "max_absolute_logit_difference": 0.140625,
  "speculative_target_call_index": 2,
  "speculative_target_cache_length": 52,
  "speculative_target_input_length": 6
}
FAIL qa[2] compiled-static-fixed replay=1/3
{
  "first_divergent_index": 10,
  "window_start": 5,
  "expected_token_ids": [
    64862,
    323,
    40370,
    527,
    1403,
    1401,
    5178,
    17150,
    430,
    6767,
    279
  ],
  "actual_token_ids": [
    64862,
    323,
    40370,
    527,
    1403,
    9200,
    5178,
    17150,
    430,
    6767,
    279
  ],
  "expected_text": " throughput and latency are two key performance metrics that measure the",
  "actual_text": " throughput and latency are two critical performance metrics that measure the",
  "baseline_top2": {
    "token_ids": [
      9200,
      1401
    ],
    "logits": [
      22.625,
      22.625
    ],
    "absolute_gap": 0.0
  },
  "speculative_top2": {
    "token_ids": [
      9200,
      1401
    ],
    "logits": [
      22.75,
      22.625
    ],
    "absolute_gap": 0.125
  },
  "max_absolute_logit_difference": 0.140625,
  "speculative_target_call_index": 2,
  "speculative_target_cache_length": 52,
  "speculative_target_input_length": 6
}
FAIL qa[2] compiled-static-fixed replay=2/3
{
  "first_divergent_index": 10,
  "window_start": 5,
  "expected_token_ids": [
    64862,
    323,
    40370,
    527,
    1403,
    1401,
    5178,
    17150,
    430,
    6767,
    279
  ],
  "actual_token_ids": [
    64862,
    323,
    40370,
    527,
    1403,
    9200,
    5178,
    17150,
    430,
    6767,
    279
  ],
  "expected_text": " throughput and latency are two key performance metrics that measure the",
  "actual_text": " throughput and latency are two critical performance metrics that measure the",
  "baseline_top2": {
    "token_ids": [
      9200,
      1401
    ],
    "logits": [
      22.625,
      22.625
    ],
    "absolute_gap": 0.0
  },
  "speculative_top2": {
    "token_ids": [
      9200,
      1401
    ],
    "logits": [
      22.75,
      22.625
    ],
    "absolute_gap": 0.125
  },
  "max_absolute_logit_difference": 0.140625,
  "speculative_target_call_index": 2,
  "speculative_target_cache_length": 52,
  "speculative_target_input_length": 6
}
FAIL qa[2] compiled-static-fixed replay=3/3
{
  "first_divergent_index": 10,
  "window_start": 5,
  "expected_token_ids": [
    64862,
    323,
    40370,
    527,
    1403,
    1401,
    5178,
    17150,
    430,
    6767,
    279
  ],
  "actual_token_ids": [
    64862,
    323,
    40370,
    527,
    1403,
    9200,
    5178,
    17150,
    430,
    6767,
    279
  ],
  "expected_text": " throughput and latency are two key performance metrics that measure the",
  "actual_text": " throughput and latency are two critical performance metrics that measure the",
  "baseline_top2": {
    "token_ids": [
      9200,
      1401
    ],
    "logits": [
      22.625,
      22.625
    ],
    "absolute_gap": 0.0
  },
  "speculative_top2": {
    "token_ids": [
      9200,
      1401
    ],
    "logits": [
      22.75,
      22.625
    ],
    "absolute_gap": 0.125
  },
  "max_absolute_logit_difference": 0.140625,
  "speculative_target_call_index": 2,
  "speculative_target_cache_length": 52,
  "speculative_target_input_length": 6
}
FAIL qa[2] compiled-static-adaptive replay=1/3
{
  "first_divergent_index": 10,
  "window_start": 5,
  "expected_token_ids": [
    64862,
    323,
    40370,
    527,
    1403,
    1401,
    5178,
    17150,
    430,
    6767,
    279
  ],
  "actual_token_ids": [
    64862,
    323,
    40370,
    527,
    1403,
    9200,
    5178,
    17150,
    430,
    6767,
    279
  ],
  "expected_text": " throughput and latency are two key performance metrics that measure the",
  "actual_text": " throughput and latency are two critical performance metrics that measure the",
  "baseline_top2": {
    "token_ids": [
      9200,
      1401
    ],
    "logits": [
      22.625,
      22.625
    ],
    "absolute_gap": 0.0
  },
  "speculative_top2": {
    "token_ids": [
      9200,
      1401
    ],
    "logits": [
      22.75,
      22.625
    ],
    "absolute_gap": 0.125
  },
  "max_absolute_logit_difference": 0.140625,
  "speculative_target_call_index": 2,
  "speculative_target_cache_length": 52,
  "speculative_target_input_length": 8
}
FAIL qa[2] compiled-static-adaptive replay=2/3
{
  "first_divergent_index": 10,
  "window_start": 5,
  "expected_token_ids": [
    64862,
    323,
    40370,
    527,
    1403,
    1401,
    5178,
    17150,
    430,
    6767,
    279
  ],
  "actual_token_ids": [
    64862,
    323,
    40370,
    527,
    1403,
    9200,
    5178,
    17150,
    430,
    6767,
    279
  ],
  "expected_text": " throughput and latency are two key performance metrics that measure the",
  "actual_text": " throughput and latency are two critical performance metrics that measure the",
  "baseline_top2": {
    "token_ids": [
      9200,
      1401
    ],
    "logits": [
      22.625,
      22.625
    ],
    "absolute_gap": 0.0
  },
  "speculative_top2": {
    "token_ids": [
      9200,
      1401
    ],
    "logits": [
      22.75,
      22.625
    ],
    "absolute_gap": 0.125
  },
  "max_absolute_logit_difference": 0.140625,
  "speculative_target_call_index": 2,
  "speculative_target_cache_length": 52,
  "speculative_target_input_length": 8
}
FAIL qa[2] compiled-static-adaptive replay=3/3
{
  "first_divergent_index": 10,
  "window_start": 5,
  "expected_token_ids": [
    64862,
    323,
    40370,
    527,
    1403,
    1401,
    5178,
    17150,
    430,
    6767,
    279
  ],
  "actual_token_ids": [
    64862,
    323,
    40370,
    527,
    1403,
    9200,
    5178,
    17150,
    430,
    6767,
    279
  ],
  "expected_text": " throughput and latency are two key performance metrics that measure the",
  "actual_text": " throughput and latency are two critical performance metrics that measure the",
  "baseline_top2": {
    "token_ids": [
      9200,
      1401
    ],
    "logits": [
      22.625,
      22.625
    ],
    "absolute_gap": 0.0
  },
  "speculative_top2": {
    "token_ids": [
      9200,
      1401
    ],
    "logits": [
      22.75,
      22.625
    ],
    "absolute_gap": 0.125
  },
  "max_absolute_logit_difference": 0.140625,
  "speculative_target_call_index": 2,
  "speculative_target_cache_length": 52,
  "speculative_target_input_length": 8
}
PASS qa[3] baseline determinism
SHAPE CONTROL: max_abs_diff=0.43750000 argmax_differences=1 first=83
FAIL qa[3] eager-dynamic-fixed replay=1/2
{
  "first_divergent_index": 83,
  "window_start": 78,
  "expected_token_ids": [
    374,
    17427,
    1555,
    892,
    86015,
    11,
    1405,
    279,
    10565,
    1887,
    5691
  ],
  "actual_token_ids": [
    374,
    17427,
    1555,
    892,
    86015,
    477,
    2317,
    28865,
    11,
    1405,
    279
  ],
  "expected_text": " is achieved through time slicing, where the operating system alloc",
  "actual_text": " is achieved through time slicing or context switching, where the",
  "baseline_top2": {
    "token_ids": [
      477,
      11
    ],
    "logits": [
      28.625,
      28.625
    ],
    "absolute_gap": 0.0
  },
  "speculative_top2": {
    "token_ids": [
      477,
      11
    ],
    "logits": [
      28.625,
      28.5
    ],
    "absolute_gap": 0.125
  },
  "max_absolute_logit_difference": 0.1640625,
  "speculative_target_call_index": 24,
  "speculative_target_cache_length": 131,
  "speculative_target_input_length": 6
}
FAIL qa[3] eager-dynamic-fixed replay=2/2
{
  "first_divergent_index": 83,
  "window_start": 78,
  "expected_token_ids": [
    374,
    17427,
    1555,
    892,
    86015,
    11,
    1405,
    279,
    10565,
    1887,
    5691
  ],
  "actual_token_ids": [
    374,
    17427,
    1555,
    892,
    86015,
    477,
    2317,
    28865,
    11,
    1405,
    279
  ],
  "expected_text": " is achieved through time slicing, where the operating system alloc",
  "actual_text": " is achieved through time slicing or context switching, where the",
  "baseline_top2": {
    "token_ids": [
      477,
      11
    ],
    "logits": [
      28.625,
      28.625
    ],
    "absolute_gap": 0.0
  },
  "speculative_top2": {
    "token_ids": [
      477,
      11
    ],
    "logits": [
      28.625,
      28.5
    ],
    "absolute_gap": 0.125
  },
  "max_absolute_logit_difference": 0.1640625,
  "speculative_target_call_index": 24,
  "speculative_target_cache_length": 131,
  "speculative_target_input_length": 6
}
FAIL qa[3] compiled-static-fixed replay=1/3
{
  "first_divergent_index": 83,
  "window_start": 78,
  "expected_token_ids": [
    374,
    17427,
    1555,
    892,
    86015,
    11,
    1405,
    279,
    10565,
    1887,
    5691
  ],
  "actual_token_ids": [
    374,
    17427,
    1555,
    892,
    86015,
    477,
    2317,
    28865,
    11,
    1405,
    279
  ],
  "expected_text": " is achieved through time slicing, where the operating system alloc",
  "actual_text": " is achieved through time slicing or context switching, where the",
  "baseline_top2": {
    "token_ids": [
      477,
      11
    ],
    "logits": [
      28.625,
      28.625
    ],
    "absolute_gap": 0.0
  },
  "speculative_top2": {
    "token_ids": [
      477,
      11
    ],
    "logits": [
      28.625,
      28.5
    ],
    "absolute_gap": 0.125
  },
  "max_absolute_logit_difference": 0.1640625,
  "speculative_target_call_index": 23,
  "speculative_target_cache_length": 131,
  "speculative_target_input_length": 6
}
FAIL qa[3] compiled-static-fixed replay=2/3
{
  "first_divergent_index": 83,
  "window_start": 78,
  "expected_token_ids": [
    374,
    17427,
    1555,
    892,
    86015,
    11,
    1405,
    279,
    10565,
    1887,
    5691
  ],
  "actual_token_ids": [
    374,
    17427,
    1555,
    892,
    86015,
    477,
    2317,
    28865,
    11,
    1405,
    279
  ],
  "expected_text": " is achieved through time slicing, where the operating system alloc",
  "actual_text": " is achieved through time slicing or context switching, where the",
  "baseline_top2": {
    "token_ids": [
      477,
      11
    ],
    "logits": [
      28.625,
      28.625
    ],
    "absolute_gap": 0.0
  },
  "speculative_top2": {
    "token_ids": [
      477,
      11
    ],
    "logits": [
      28.625,
      28.5
    ],
    "absolute_gap": 0.125
  },
  "max_absolute_logit_difference": 0.1640625,
  "speculative_target_call_index": 23,
  "speculative_target_cache_length": 131,
  "speculative_target_input_length": 6
}
FAIL qa[3] compiled-static-fixed replay=3/3
{
  "first_divergent_index": 83,
  "window_start": 78,
  "expected_token_ids": [
    374,
    17427,
    1555,
    892,
    86015,
    11,
    1405,
    279,
    10565,
    1887,
    5691
  ],
  "actual_token_ids": [
    374,
    17427,
    1555,
    892,
    86015,
    477,
    2317,
    28865,
    11,
    1405,
    279
  ],
  "expected_text": " is achieved through time slicing, where the operating system alloc",
  "actual_text": " is achieved through time slicing or context switching, where the",
  "baseline_top2": {
    "token_ids": [
      477,
      11
    ],
    "logits": [
      28.625,
      28.625
    ],
    "absolute_gap": 0.0
  },
  "speculative_top2": {
    "token_ids": [
      477,
      11
    ],
    "logits": [
      28.625,
      28.5
    ],
    "absolute_gap": 0.125
  },
  "max_absolute_logit_difference": 0.1640625,
  "speculative_target_call_index": 23,
  "speculative_target_cache_length": 131,
  "speculative_target_input_length": 6
}
FAIL qa[3] compiled-static-adaptive replay=1/3
{
  "first_divergent_index": 83,
  "window_start": 78,
  "expected_token_ids": [
    374,
    17427,
    1555,
    892,
    86015,
    11,
    1405,
    279,
    10565,
    1887,
    5691
  ],
  "actual_token_ids": [
    374,
    17427,
    1555,
    892,
    86015,
    477,
    2317,
    28865,
    11,
    1405,
    279
  ],
  "expected_text": " is achieved through time slicing, where the operating system alloc",
  "actual_text": " is achieved through time slicing or context switching, where the",
  "baseline_top2": {
    "token_ids": [
      477,
      11
    ],
    "logits": [
      28.625,
      28.625
    ],
    "absolute_gap": 0.0
  },
  "speculative_top2": {
    "token_ids": [
      477,
      11
    ],
    "logits": [
      28.625,
      28.5
    ],
    "absolute_gap": 0.125
  },
  "max_absolute_logit_difference": 0.1640625,
  "speculative_target_call_index": 21,
  "speculative_target_cache_length": 131,
  "speculative_target_input_length": 4
}
FAIL qa[3] compiled-static-adaptive replay=2/3
{
  "first_divergent_index": 83,
  "window_start": 78,
  "expected_token_ids": [
    374,
    17427,
    1555,
    892,
    86015,
    11,
    1405,
    279,
    10565,
    1887,
    5691
  ],
  "actual_token_ids": [
    374,
    17427,
    1555,
    892,
    86015,
    477,
    2317,
    28865,
    11,
    1405,
    279
  ],
  "expected_text": " is achieved through time slicing, where the operating system alloc",
  "actual_text": " is achieved through time slicing or context switching, where the",
  "baseline_top2": {
    "token_ids": [
      477,
      11
    ],
    "logits": [
      28.625,
      28.625
    ],
    "absolute_gap": 0.0
  },
  "speculative_top2": {
    "token_ids": [
      477,
      11
    ],
    "logits": [
      28.625,
      28.5
    ],
    "absolute_gap": 0.125
  },
  "max_absolute_logit_difference": 0.1640625,
  "speculative_target_call_index": 21,
  "speculative_target_cache_length": 131,
  "speculative_target_input_length": 4
}
FAIL qa[3] compiled-static-adaptive replay=3/3
{
  "first_divergent_index": 83,
  "window_start": 78,
  "expected_token_ids": [
    374,
    17427,
    1555,
    892,
    86015,
    11,
    1405,
    279,
    10565,
    1887,
    5691
  ],
  "actual_token_ids": [
    374,
    17427,
    1555,
    892,
    86015,
    477,
    2317,
    28865,
    11,
    1405,
    279
  ],
  "expected_text": " is achieved through time slicing, where the operating system alloc",
  "actual_text": " is achieved through time slicing or context switching, where the",
  "baseline_top2": {
    "token_ids": [
      477,
      11
    ],
    "logits": [
      28.625,
      28.625
    ],
    "absolute_gap": 0.0
  },
  "speculative_top2": {
    "token_ids": [
      477,
      11
    ],
    "logits": [
      28.625,
      28.5
    ],
    "absolute_gap": 0.125
  },
  "max_absolute_logit_difference": 0.1640625,
  "speculative_target_call_index": 21,
  "speculative_target_cache_length": 131,
  "speculative_target_input_length": 4
}
PASS stochastic first-token check: TV=0.0000, paired mismatch rate=0.0000, samples=64
Exact seed-for-seed sequence identity is not a distributional invariant because DynamicCache and StaticCache can have small numerical differences. This compares paired first tokens and empirical first-token distributions.
results/raw/gpu_equality_bfloat16_5083454.json
GPU VERIFICATION FAILED
- code[0] eager-dynamic-fixed replay 1
- code[0] eager-dynamic-fixed replay 2
- code[0] compiled-static-fixed replay 1
- code[0] compiled-static-fixed replay 2
- code[0] compiled-static-fixed replay 3
- code[0] compiled-static-adaptive replay 1
- code[0] compiled-static-adaptive replay 2
- code[0] compiled-static-adaptive replay 3
- code[1] eager-dynamic-fixed replay 1
- code[1] eager-dynamic-fixed replay 2
- code[1] compiled-static-fixed replay 1
- code[1] compiled-static-fixed replay 2
- code[1] compiled-static-fixed replay 3
- code[1] compiled-static-adaptive replay 1
- code[1] compiled-static-adaptive replay 2
- code[1] compiled-static-adaptive replay 3
- code[2] eager-dynamic-fixed replay 1
- code[2] eager-dynamic-fixed replay 2
- code[2] compiled-static-fixed replay 1
- code[2] compiled-static-fixed replay 2
- code[2] compiled-static-fixed replay 3
- code[2] compiled-static-adaptive replay 1
- code[2] compiled-static-adaptive replay 2
- code[2] compiled-static-adaptive replay 3
- code[3] compiled-static-adaptive replay 1
- code[3] compiled-static-adaptive replay 2
- code[3] compiled-static-adaptive replay 3
- qa[0] eager-dynamic-fixed replay 1
- qa[0] eager-dynamic-fixed replay 2
- qa[0] compiled-static-fixed replay 1
- qa[0] compiled-static-fixed replay 2
- qa[0] compiled-static-fixed replay 3
- qa[0] compiled-static-adaptive replay 1
- qa[0] compiled-static-adaptive replay 2
- qa[0] compiled-static-adaptive replay 3
- qa[1] eager-dynamic-fixed replay 1
- qa[1] eager-dynamic-fixed replay 2
- qa[1] compiled-static-fixed replay 1
- qa[1] compiled-static-fixed replay 2
- qa[1] compiled-static-fixed replay 3
- qa[2] eager-dynamic-fixed replay 1
- qa[2] eager-dynamic-fixed replay 2
- qa[2] compiled-static-fixed replay 1
- qa[2] compiled-static-fixed replay 2
- qa[2] compiled-static-fixed replay 3
- qa[2] compiled-static-adaptive replay 1
- qa[2] compiled-static-adaptive replay 2
- qa[2] compiled-static-adaptive replay 3
- qa[3] eager-dynamic-fixed replay 1
- qa[3] eager-dynamic-fixed replay 2
- qa[3] compiled-static-fixed replay 1
- qa[3] compiled-static-fixed replay 2
- qa[3] compiled-static-fixed replay 3
- qa[3] compiled-static-adaptive replay 1
- qa[3] compiled-static-adaptive replay 2
- qa[3] compiled-static-adaptive replay 3
